---
http_interactions:
- request:
    method: get
    uri: https://okapi-sandbox.frontside.io/configurations/entries?query=module=KB_EBSCO
    body:
      encoding: US-ASCII
      string: ''
    headers:
      Content-Type:
      - application/json
      Accept:
      - application/json
      X-Okapi-Tenant:
      - fs
      X-Okapi-Token:
      - TEST_OKAPI_TOKEN
      Accept-Encoding:
      - gzip;q=1.0,deflate;q=0.6,identity;q=0.3
      User-Agent:
      - Ruby
  response:
    status:
      code: 200
      message: OK
    headers:
      Server:
      - nginx/1.13.5
      Date:
      - Mon, 20 Nov 2017 20:04:00 GMT
      Content-Type:
      - application/json
      Transfer-Encoding:
      - chunked
      Connection:
      - keep-alive
      X-Okapi-Trace:
      - 'GET mod-authtoken-1.1.1-SNAPSHOT.7 http://10.31.244.178:8081/configurations/entries..
        : 202'
      - 'GET mod-configuration-3.0.1-SNAPSHOT.18 http://10.31.253.220:8081/configurations/entries..
        : 200 42045us'
      Host:
      - okapi-sandbox.frontside.io
      X-Real-Ip:
      - 10.28.1.1
      X-Forwarded-For:
      - 10.28.1.1
      X-Forwarded-Host:
      - okapi-sandbox.frontside.io
      X-Forwarded-Port:
      - '443'
      X-Forwarded-Proto:
      - https
      X-Original-Uri:
      - "/configurations/entries?query=module=KB_EBSCO"
      X-Scheme:
      - https
      X-Auth-Request-Redirect:
      - "/configurations/entries?query=module=KB_EBSCO"
      Accept:
      - application/json
      X-Okapi-Tenant:
      - fs
      Accept-Encoding:
      - gzip;q=1.0,deflate;q=0.6,identity;q=0.3
      User-Agent:
      - Ruby
      X-Okapi-Request-Id:
      - 143271/configurations
      X-Okapi-Url:
      - http://10.31.252.16:80
      X-Okapi-Permissions-Required:
      - configuration.entries.collection.get
      X-Okapi-Module-Permissions:
      - '{"mod-authtoken-1.1.1-SNAPSHOT.7":["perms.users.get"]}'
      X-Okapi-Permissions:
      - '["configuration.entries.collection.get"]'
      X-Okapi-User-Id:
      - 1ad737b0-d847-11e6-bf26-cec0c932ce01
      X-Okapi-Token:
      - TEST_OKAPI_TOKEN
      Strict-Transport-Security:
      - max-age=15724800; includeSubDomains;
    body:
      encoding: ASCII-8BIT
      string: |-
        {
          "configs" : [ {
            "id" : "38b02715-f095-4afc-b07f-c299827e9b98",
            "module" : "KB_EBSCO",
            "configName" : "api_credentials",
            "code" : "kb.ebsco.credentials",
            "description" : "EBSCO RM-API Credentials",
            "enabled" : true,
            "value" : "customer-id=TEST_CUSTOMER_ID&api-key=TEST_API_KEY",
            "metadata" : {
              "createdDate" : "2017-11-02T15:56:49.186+0000",
              "createdByUserId" : "1ad737b0-d847-11e6-bf26-cec0c932ce01",
              "updatedDate" : "2017-11-02T15:56:49.186+0000",
              "updatedByUserId" : "1ad737b0-d847-11e6-bf26-cec0c932ce01"
            }
          } ],
          "totalRecords" : 1,
          "resultInfo" : {
            "totalRecords" : 1,
            "facets" : [ ]
          }
        }
    http_version: 
  recorded_at: Mon, 20 Nov 2017 20:04:00 GMT
- request:
    method: get
    uri: https://sandbox.ebsco.io/rm/rmaccounts/TEST_CUSTOMER_ID/vendors/19
    body:
      encoding: US-ASCII
      string: ''
    headers:
      User-Agent:
      - Flexirest/1.5.3
      Connection:
      - Keep-Alive
      Accept:
      - application/json
      X-Api-Key:
      - TEST_API_KEY
      Content-Type:
      - application/json
      Accept-Encoding:
      - gzip;q=1.0,deflate;q=0.6,identity;q=0.3
  response:
    status:
      code: 200
      message: OK
    headers:
      Content-Type:
      - application/json; charset=utf-8
      Content-Length:
      - '116'
      Connection:
      - keep-alive
      Date:
      - Mon, 20 Nov 2017 20:04:00 GMT
      X-Amzn-Requestid:
      - f32aada4-ce2d-11e7-ac55-99773e8bebd6
      X-Amzn-Remapped-Content-Length:
      - '116'
      X-Amzn-Remapped-Connection:
      - keep-alive
      X-Amzn-Remapped-Server:
      - Microsoft-IIS/8.5
      Cache-Control:
      - no-cache
      Expires:
      - "-1"
      X-Powered-By:
      - ASP.NET
      Pragma:
      - no-cache
      X-Amzn-Remapped-Date:
      - Mon, 20 Nov 2017 20:04:00 GMT
      X-Aspnet-Version:
      - 4.0.30319
      X-Cache:
      - Miss from cloudfront
      Via:
      - 1.1 6d16d2818c50321b66b1b610e66ba25d.cloudfront.net (CloudFront)
      X-Amz-Cf-Id:
      - 3Ve45bShvGrnA1PJvaZw5V2dtxYzNSJi0yglFWLnP5IaRzKbdTUg0g==
    body:
      encoding: UTF-8
      string: '{"vendorId":19,"vendorName":"EBSCO","vendorToken":null,"isCustomer":false,"packagesTotal":602,"packagesSelected":54}'
    http_version: 
  recorded_at: Mon, 20 Nov 2017 20:04:00 GMT
- request:
    method: get
    uri: https://sandbox.ebsco.io/rm/rmaccounts/TEST_CUSTOMER_ID/vendors/19/packages?count=25&offset=1&orderby=packagename&search=
    body:
      encoding: US-ASCII
      string: ''
    headers:
      User-Agent:
      - Flexirest/1.5.3
      Connection:
      - Keep-Alive
      Accept:
      - application/json
      X-Api-Key:
      - TEST_API_KEY
      Content-Type:
      - application/json
      Accept-Encoding:
      - gzip;q=1.0,deflate;q=0.6,identity;q=0.3
  response:
    status:
      code: 200
      message: OK
    headers:
      Content-Type:
      - application/json; charset=utf-8
      Content-Length:
      - '8479'
      Connection:
      - keep-alive
      Date:
      - Mon, 20 Nov 2017 20:04:01 GMT
      X-Amzn-Requestid:
      - f3523314-ce2d-11e7-804c-5752318e0356
      X-Amzn-Remapped-Content-Length:
      - '8479'
      X-Amzn-Remapped-Connection:
      - keep-alive
      X-Amzn-Remapped-Server:
      - Microsoft-IIS/8.5
      Cache-Control:
      - no-cache
      Expires:
      - "-1"
      X-Powered-By:
      - ASP.NET
      Pragma:
      - no-cache
      X-Amzn-Remapped-Date:
      - Mon, 20 Nov 2017 20:04:00 GMT
      X-Aspnet-Version:
      - 4.0.30319
      X-Cache:
      - Miss from cloudfront
      Via:
      - 1.1 1e0f6d91fb358639e6808cb6d2638da0.cloudfront.net (CloudFront)
      X-Amz-Cf-Id:
      - F6znj3Z6vtTfiNiUmcMnvTlewBKMtPzE81q8vCnBMDXOR3CjIDQ-lA==
    body:
      encoding: UTF-8
      string: '{"totalResults":602,"packagesList":[{"packageId":2516,"packageName":"Abstracts
        in Social Gerontology","isCustom":false,"vendorId":19,"vendorName":"EBSCO","titleCount":1,"isSelected":true,"visibilityData":{"isHidden":false,"reason":""},"selectedCount":1,"isTokenNeeded":false,"contentType":"AbstractAndIndex","customCoverage":{"beginCoverage":null,"endCoverage":null}},{"packageId":1073,"packageName":"Academic
        Search Alumni Edition","isCustom":false,"vendorId":19,"vendorName":"EBSCO","titleCount":3716,"isSelected":true,"visibilityData":{"isHidden":false,"reason":""},"selectedCount":3716,"isTokenNeeded":false,"contentType":"AggregatedFullText","customCoverage":{"beginCoverage":null,"endCoverage":null}},{"packageId":1615,"packageName":"Academic
        Search Complete","isCustom":false,"vendorId":19,"vendorName":"EBSCO","titleCount":11048,"isSelected":true,"visibilityData":{"isHidden":false,"reason":""},"selectedCount":11048,"isTokenNeeded":false,"contentType":"AggregatedFullText","customCoverage":{"beginCoverage":null,"endCoverage":null}},{"packageId":158,"packageName":"Academic
        Search Elite","isCustom":false,"vendorId":19,"vendorName":"EBSCO","titleCount":3691,"isSelected":false,"visibilityData":{"isHidden":false,"reason":""},"selectedCount":0,"isTokenNeeded":false,"contentType":"AggregatedFullText","customCoverage":{"beginCoverage":null,"endCoverage":null}},{"packageId":1327231,"packageName":"Academic
        Search Index","isCustom":false,"vendorId":19,"vendorName":"EBSCO","titleCount":1,"isSelected":false,"visibilityData":{"isHidden":false,"reason":""},"selectedCount":0,"isTokenNeeded":false,"contentType":"AbstractAndIndex","customCoverage":{"beginCoverage":null,"endCoverage":null}},{"packageId":4065,"packageName":"Academic
        Search Main Edition ","isCustom":false,"vendorId":19,"vendorName":"EBSCO","titleCount":3057,"isSelected":true,"visibilityData":{"isHidden":false,"reason":""},"selectedCount":3057,"isTokenNeeded":false,"contentType":"AggregatedFullText","customCoverage":{"beginCoverage":null,"endCoverage":null}},{"packageId":160,"packageName":"Academic
        Search Premier","isCustom":false,"vendorId":19,"vendorName":"EBSCO","titleCount":6418,"isSelected":true,"visibilityData":{"isHidden":false,"reason":""},"selectedCount":6418,"isTokenNeeded":false,"contentType":"AggregatedFullText","customCoverage":{"beginCoverage":null,"endCoverage":null}},{"packageId":2035492,"packageName":"Academic
        Search Ultimate","isCustom":false,"vendorId":19,"vendorName":"EBSCO","titleCount":213,"isSelected":false,"visibilityData":{"isHidden":false,"reason":""},"selectedCount":0,"isTokenNeeded":false,"contentType":"AggregatedFullText","customCoverage":{"beginCoverage":null,"endCoverage":null}},{"packageId":1153,"packageName":"Advanced
        Placement Source","isCustom":false,"vendorId":19,"vendorName":"EBSCO","titleCount":4513,"isSelected":false,"visibilityData":{"isHidden":false,"reason":""},"selectedCount":0,"isTokenNeeded":false,"contentType":"AggregatedFullText","customCoverage":{"beginCoverage":null,"endCoverage":null}},{"packageId":6529,"packageName":"Advanstar
        Communications Collection","isCustom":false,"vendorId":19,"vendorName":"EBSCO","titleCount":55,"isSelected":true,"visibilityData":{"isHidden":false,"reason":""},"selectedCount":1,"isTokenNeeded":false,"contentType":"AggregatedFullText","customCoverage":{"beginCoverage":null,"endCoverage":null}},{"packageId":22440,"packageName":"Advertising
        Periodicals, 1815-1888","isCustom":false,"vendorId":19,"vendorName":"EBSCO","titleCount":297,"isSelected":false,"visibilityData":{"isHidden":false,"reason":""},"selectedCount":0,"isTokenNeeded":false,"contentType":"AggregatedFullText","customCoverage":{"beginCoverage":null,"endCoverage":null}},{"packageId":5188,"packageName":"African
        American Archives","isCustom":false,"vendorId":19,"vendorName":"EBSCO","titleCount":1,"isSelected":false,"visibilityData":{"isHidden":false,"reason":""},"selectedCount":0,"isTokenNeeded":false,"contentType":"AbstractAndIndex","customCoverage":{"beginCoverage":null,"endCoverage":null}},{"packageId":5738,"packageName":"African
        American Historical Serials Collection","isCustom":false,"vendorId":19,"vendorName":"EBSCO","titleCount":177,"isSelected":false,"visibilityData":{"isHidden":false,"reason":""},"selectedCount":0,"isTokenNeeded":false,"contentType":"AggregatedFullText","customCoverage":{"beginCoverage":null,"endCoverage":null}},{"packageId":2552,"packageName":"Africa-Wide
        Information","isCustom":false,"vendorId":19,"vendorName":"EBSCO","titleCount":1,"isSelected":false,"visibilityData":{"isHidden":false,"reason":""},"selectedCount":0,"isTokenNeeded":false,"contentType":"AbstractAndIndex","customCoverage":{"beginCoverage":null,"endCoverage":null}},{"packageId":2699,"packageName":"AgeLine
        (EBSCO)","isCustom":false,"vendorId":19,"vendorName":"EBSCO","titleCount":1,"isSelected":false,"visibilityData":{"isHidden":false,"reason":""},"selectedCount":0,"isTokenNeeded":false,"contentType":"AbstractAndIndex","customCoverage":{"beginCoverage":null,"endCoverage":null}},{"packageId":2681,"packageName":"Agricola
        (EBSCO)","isCustom":false,"vendorId":19,"vendorName":"EBSCO","titleCount":1,"isSelected":false,"visibilityData":{"isHidden":false,"reason":""},"selectedCount":0,"isTokenNeeded":false,"contentType":"AbstractAndIndex","customCoverage":{"beginCoverage":null,"endCoverage":null}},{"packageId":22427,"packageName":"Agricultural
        Periodicals from the Northeastern U.S., 1789-1879","isCustom":false,"vendorId":19,"vendorName":"EBSCO","titleCount":231,"isSelected":false,"visibilityData":{"isHidden":false,"reason":""},"selectedCount":0,"isTokenNeeded":false,"contentType":"AggregatedFullText","customCoverage":{"beginCoverage":null,"endCoverage":null}},{"packageId":22449,"packageName":"Agricultural
        Periodicals from the Southern, Midwestern, and Western U.S., 1800-1878","isCustom":false,"vendorId":19,"vendorName":"EBSCO","titleCount":188,"isSelected":false,"visibilityData":{"isHidden":false,"reason":""},"selectedCount":0,"isTokenNeeded":false,"contentType":"AggregatedFullText","customCoverage":{"beginCoverage":null,"endCoverage":null}},{"packageId":1376381,"packageName":"Agriculture
        Plus","isCustom":false,"vendorId":19,"vendorName":"EBSCO","titleCount":302,"isSelected":true,"visibilityData":{"isHidden":false,"reason":""},"selectedCount":2,"isTokenNeeded":false,"contentType":"AggregatedFullText","customCoverage":{"beginCoverage":null,"endCoverage":null}},{"packageId":4270,"packageName":"AHFS
        Consumer Medication Information","isCustom":false,"vendorId":19,"vendorName":"EBSCO","titleCount":2,"isSelected":false,"visibilityData":{"isHidden":false,"reason":""},"selectedCount":0,"isTokenNeeded":false,"contentType":"AggregatedFullText","customCoverage":{"beginCoverage":null,"endCoverage":null}},{"packageId":500,"packageName":"Alt
        HealthWatch","isCustom":false,"vendorId":19,"vendorName":"EBSCO","titleCount":198,"isSelected":true,"visibilityData":{"isHidden":false,"reason":""},"selectedCount":1,"isTokenNeeded":false,"contentType":"AggregatedFullText","customCoverage":{"beginCoverage":null,"endCoverage":null}},{"packageId":22428,"packageName":"Alternative
        Faith and Philosophy Periodicals, 1789-1878","isCustom":false,"vendorId":19,"vendorName":"EBSCO","titleCount":164,"isSelected":true,"visibilityData":{"isHidden":false,"reason":""},"selectedCount":164,"isTokenNeeded":false,"contentType":"AggregatedFullText","customCoverage":{"beginCoverage":null,"endCoverage":null}},{"packageId":1321944,"packageName":"Alternative
        Medicine and Health, 1810-1877","isCustom":false,"vendorId":19,"vendorName":"EBSCO","titleCount":179,"isSelected":false,"visibilityData":{"isHidden":false,"reason":""},"selectedCount":0,"isTokenNeeded":false,"contentType":"AggregatedFullText","customCoverage":{"beginCoverage":null,"endCoverage":null}},{"packageId":4242,"packageName":"Alternative
        Press Index (EBSCO)","isCustom":false,"vendorId":19,"vendorName":"EBSCO","titleCount":1,"isSelected":false,"visibilityData":{"isHidden":false,"reason":""},"selectedCount":0,"isTokenNeeded":false,"contentType":"AbstractAndIndex","customCoverage":{"beginCoverage":null,"endCoverage":null}},{"packageId":4288,"packageName":"Alternative
        Press Index Archive (EBSCO)","isCustom":false,"vendorId":19,"vendorName":"EBSCO","titleCount":1,"isSelected":false,"visibilityData":{"isHidden":false,"reason":""},"selectedCount":0,"isTokenNeeded":false,"contentType":"AbstractAndIndex","customCoverage":{"beginCoverage":null,"endCoverage":null}}]}'
    http_version: 
  recorded_at: Mon, 20 Nov 2017 20:04:01 GMT
recorded_with: VCR 3.0.3
