---
http_interactions:
- request:
    method: get
    uri: https://okapi.frontside.io/configurations/entries?query=module=EKB
    body:
      encoding: US-ASCII
      string: ''
    headers:
      Content-Type:
      - application/json
      Accept:
      - application/json
      X-Okapi-Tenant:
      - fs
      X-Okapi-Token:
      - TEST_OKAPI_TOKEN
      Accept-Encoding:
      - gzip;q=1.0,deflate;q=0.6,identity;q=0.3
      User-Agent:
      - Ruby
  response:
    status:
      code: 200
      message: OK
    headers:
      Server:
      - nginx/1.13.5
      Date:
      - Thu, 27 Sep 2018 17:49:14 GMT
      Content-Type:
      - application/json
      Transfer-Encoding:
      - chunked
      Connection:
      - keep-alive
      X-Okapi-Trace:
      - 'GET mod-authtoken-1.5.2-SNAPSHOT.26 http://10.39.242.252:8081/configurations/entries..
        : 202 318115us'
      - 'GET mod-configuration-5.0.1-SNAPSHOT.45 http://10.39.249.105:8081/configurations/entries..
        : 200 45423us'
      Host:
      - okapi.frontside.io
      X-Real-Ip:
      - 10.128.0.3
      X-Forwarded-For:
      - 10.128.0.3
      X-Forwarded-Host:
      - okapi.frontside.io
      X-Forwarded-Port:
      - '443'
      X-Forwarded-Proto:
      - https
      X-Original-Uri:
      - "/configurations/entries?query=module=EKB"
      X-Scheme:
      - https
      X-Auth-Request-Redirect:
      - "/configurations/entries?query=module=EKB"
      Accept:
      - application/json
      X-Okapi-Tenant:
      - fs
      Accept-Encoding:
      - gzip;q=1.0,deflate;q=0.6,identity;q=0.3
      User-Agent:
      - Ruby
      X-Okapi-Request-Id:
      - 397830/configurations
      X-Okapi-Url:
      - http://10.39.245.41:80
      X-Okapi-Permissions:
      - '["configuration.entries.collection.get","configuration.entries.collection.get"]'
      X-Okapi-User-Id:
      - 1ad737b0-d847-11e6-bf26-cec0c932ce01
      X-Okapi-Token:
      - TEST_OKAPI_TOKEN
      Strict-Transport-Security:
      - max-age=15724800; includeSubDomains;
    body:
      encoding: ASCII-8BIT
      string: |-
        {
          "configs" : [ {
            "id" : "d94c5e91-fe82-4eb7-a823-7a28376831a4",
            "module" : "EKB",
            "configName" : "api_access",
            "code" : "kb.ebsco.customerId",
            "description" : "EBSCO RM-API Customer ID",
            "enabled" : true,
            "value" : "TEST_CUSTOMER_ID",
            "metadata" : {
              "createdDate" : "2018-09-24T18:25:04.316+0000",
              "createdByUserId" : "1ad737b0-d847-11e6-bf26-cec0c932ce01",
              "updatedDate" : "2018-09-24T18:25:04.316+0000",
              "updatedByUserId" : "1ad737b0-d847-11e6-bf26-cec0c932ce01"
            }
          }, {
            "id" : "2ce03532-7126-43e1-b532-d53d4bd837ff",
            "module" : "EKB",
            "configName" : "api_access",
            "code" : "kb.ebsco.url",
            "description" : "EBSCO RM-API URL",
            "enabled" : true,
            "value" : "https://api.ebsco.io",
            "metadata" : {
              "createdDate" : "2018-09-24T18:25:04.267+0000",
              "createdByUserId" : "1ad737b0-d847-11e6-bf26-cec0c932ce01",
              "updatedDate" : "2018-09-24T18:25:04.267+0000",
              "updatedByUserId" : "1ad737b0-d847-11e6-bf26-cec0c932ce01"
            }
          }, {
            "id" : "d414f3c4-85c1-47ac-b42c-d1e0a8294c3d",
            "module" : "EKB",
            "configName" : "api_access",
            "code" : "kb.ebsco.apiKey",
            "description" : "EBSCO RM-API API Key",
            "enabled" : true,
            "value" : "TEST_API_KEY",
            "metadata" : {
              "createdDate" : "2018-09-24T18:25:04.366+0000",
              "createdByUserId" : "1ad737b0-d847-11e6-bf26-cec0c932ce01",
              "updatedDate" : "2018-09-24T18:25:04.366+0000",
              "updatedByUserId" : "1ad737b0-d847-11e6-bf26-cec0c932ce01"
            }
          } ],
          "totalRecords" : 3,
          "resultInfo" : {
            "totalRecords" : 3,
            "facets" : [ ]
          }
        }
    http_version: 
  recorded_at: Thu, 27 Sep 2018 17:49:14 GMT
- request:
    method: get
    uri: https://api.ebsco.io/rm/rmaccounts/TEST_CUSTOMER_ID/vendors/123355/packages/2723775
    body:
      encoding: UTF-8
      string: ''
    headers:
      X-Api-Key:
      - TEST_API_KEY
      Content-Type:
      - application/json
      Accept:
      - application/json
      Connection:
      - close
      Host:
      - api.ebsco.io
      User-Agent:
      - http.rb/3.3.0
  response:
    status:
      code: 200
      message: OK
    headers:
      Content-Type:
      - application/json;charset=UTF-8
      Content-Length:
      - '467'
      Connection:
      - close
      Date:
      - Thu, 27 Sep 2018 17:49:14 GMT
      X-Amzn-Requestid:
      - a5e615af-c27d-11e8-8da8-ef133205431b
      X-Amzn-Remapped-Connection:
      - keep-alive
      X-Amz-Apigw-Id:
      - N5C0IGRloAMF6Gw=
      X-Amzn-Remapped-Date:
      - Thu, 27 Sep 2018 17:49:14 GMT
      X-Cache:
      - Miss from cloudfront
      Via:
      - 1.1 5374c8a291c9962f98e9cfd5e2b835a5.cloudfront.net (CloudFront)
      X-Amz-Cf-Id:
      - KEv2AQG9K2gGdQX-mjPvft3xUPOFx2GnOPtklkc7iBWk7S1Uudyufw==
    body:
      encoding: UTF-8
      string: '{"packageId":2723775,"packageName":"TEST_CUSTOMER_ID-live-custompackage","isCustom":true,"vendorId":123355,"vendorName":"API
        DEV CORPORATE CUSTOMER","titleCount":11,"isSelected":true,"visibilityData":{"isHidden":false,"reason":""},"selectedCount":11,"isTokenNeeded":false,"contentType":"OnlineReference","customCoverage":{"beginCoverage":"","endCoverage":""},"proxy":{"id":"EZProxy","inherited":true},"allowEbscoToAddTitles":false,"packageToken":null,"packageType":"Custom"}'
    http_version: 
  recorded_at: Thu, 27 Sep 2018 17:49:14 GMT
- request:
    method: get
    uri: https://api.ebsco.io/rm/rmaccounts/TEST_CUSTOMER_ID/vendors/123355/packages/2723775
    body:
      encoding: UTF-8
      string: ''
    headers:
      X-Api-Key:
      - TEST_API_KEY
      Content-Type:
      - application/json
      Accept:
      - application/json
      Connection:
      - close
      Host:
      - api.ebsco.io
      User-Agent:
      - http.rb/3.3.0
  response:
    status:
      code: 200
      message: OK
    headers:
      Content-Type:
      - application/json;charset=UTF-8
      Content-Length:
      - '467'
      Connection:
      - close
      Date:
      - Thu, 27 Sep 2018 17:49:14 GMT
      X-Amzn-Requestid:
      - a5fa3a0b-c27d-11e8-a83b-39229324a432
      X-Amzn-Remapped-Connection:
      - keep-alive
      X-Amz-Apigw-Id:
      - N5C0KGWFoAMFbjA=
      X-Amzn-Remapped-Date:
      - Thu, 27 Sep 2018 17:49:14 GMT
      X-Cache:
      - Miss from cloudfront
      Via:
      - 1.1 5374c8a291c9962f98e9cfd5e2b835a5.cloudfront.net (CloudFront)
      X-Amz-Cf-Id:
      - PsAORwpSaDlAeI0jXrUTP1jFlIFCNtomSZx7ZxMEVksMOytH4qvrIw==
    body:
      encoding: UTF-8
      string: '{"packageId":2723775,"packageName":"TEST_CUSTOMER_ID-live-custompackage","isCustom":true,"vendorId":123355,"vendorName":"API
        DEV CORPORATE CUSTOMER","titleCount":11,"isSelected":true,"visibilityData":{"isHidden":false,"reason":""},"selectedCount":11,"isTokenNeeded":false,"contentType":"OnlineReference","customCoverage":{"beginCoverage":"","endCoverage":""},"proxy":{"id":"EZProxy","inherited":true},"allowEbscoToAddTitles":false,"packageToken":null,"packageType":"Custom"}'
    http_version: 
  recorded_at: Thu, 27 Sep 2018 17:49:14 GMT
- request:
    method: get
    uri: https://api.ebsco.io/rm/rmaccounts/TEST_CUSTOMER_ID/vendors/123355/packages/2723775/titles?count=25&offset=1&orderby=titlename&resourcetype=all&search=&searchfield=titlename&selection=all
    body:
      encoding: US-ASCII
      string: ''
    headers:
      User-Agent:
      - Flexirest/1.7.0
      Connection:
      - Keep-Alive
      Accept:
      - application/json
      X-Api-Key:
      - TEST_API_KEY
      Content-Type:
      - application/json
      Accept-Encoding:
      - gzip;q=1.0,deflate;q=0.6,identity;q=0.3
  response:
    status:
      code: 200
      message: OK
    headers:
      Content-Type:
      - application/json; charset=utf-8
      Content-Length:
      - '10735'
      Connection:
      - keep-alive
      Date:
      - Thu, 27 Sep 2018 17:49:14 GMT
      X-Amzn-Requestid:
      - a60fbd6c-c27d-11e8-b4d5-6d5ed79a689d
      X-Amzn-Remapped-Content-Length:
      - '10735'
      X-Amzn-Remapped-Connection:
      - keep-alive
      X-Amz-Apigw-Id:
      - N5C0LGnooAMFkoA=
      X-Amzn-Remapped-Server:
      - Microsoft-IIS/8.5
      Cache-Control:
      - no-cache
      Expires:
      - "-1"
      X-Powered-By:
      - ASP.NET
      Pragma:
      - no-cache
      X-Amzn-Remapped-Date:
      - Thu, 27 Sep 2018 17:49:13 GMT
      X-Aspnet-Version:
      - 4.0.30319
      X-Cache:
      - Miss from cloudfront
      Via:
      - 1.1 6b1e633ac9cee1a933fb96b8da595b0f.cloudfront.net (CloudFront)
      X-Amz-Cf-Id:
      - qkcjMGc9bSjFo5qQct6tnDjQkXcIhHPQV4uCHGvt2lZb_GyIumemnQ==
    body:
      encoding: UTF-8
      string: '{"totalResults":11,"titles":[{"titleId":3208295,"titleName":"Carole
        King 20 Success Facts - Everything You Need to Know About Carole King","publisherName":"Emereo
        Publishing","identifiersList":[{"id":"978-1-4885-9703-9","source":"ResourceIdentifier","subtype":2,"type":1},{"id":"831768","source":"ResourceIdentifier","subtype":0,"type":7},{"id":"2814566","source":"AtoZ","subtype":0,"type":9}],"subjectsList":null,"isTitleCustom":false,"pubType":"Book","customerResourcesList":[{"titleId":3208295,"packageId":2723775,"packageName":"TEST_CUSTOMER_ID-live-custompackage","packageType":"Custom","isPackageCustom":true,"vendorId":123355,"vendorName":"API
        DEV CORPORATE CUSTOMER","locationId":0,"isSelected":true,"isTokenNeeded":false,"visibilityData":{"isHidden":false,"reason":""},"managedCoverageList":[],"customCoverageList":[],"coverageStatement":null,"managedEmbargoPeriod":{"embargoUnit":null,"embargoValue":0},"customEmbargoPeriod":{"embargoUnit":null,"embargoValue":0},"url":null,"userDefinedField1":null,"userDefinedField2":null,"userDefinedField3":null,"userDefinedField4":null,"userDefinedField5":null}]},{"titleId":17059813,"titleName":"custom-title-multi-packages","publisherName":null,"identifiersList":null,"subjectsList":null,"isTitleCustom":true,"pubType":"Book","customerResourcesList":[{"titleId":17059813,"packageId":2723775,"packageName":"TEST_CUSTOMER_ID-live-custompackage","packageType":"Custom","isPackageCustom":true,"vendorId":123355,"vendorName":"API
        DEV CORPORATE CUSTOMER","locationId":0,"isSelected":true,"isTokenNeeded":false,"visibilityData":{"isHidden":false,"reason":""},"managedCoverageList":[],"customCoverageList":[],"coverageStatement":null,"managedEmbargoPeriod":{"embargoUnit":null,"embargoValue":0},"customEmbargoPeriod":{"embargoUnit":null,"embargoValue":0},"url":null,"userDefinedField1":null,"userDefinedField2":null,"userDefinedField3":null,"userDefinedField4":null,"userDefinedField5":null}]},{"titleId":17063795,"titleName":"custom-title-multi-packages2","publisherName":null,"identifiersList":null,"subjectsList":null,"isTitleCustom":true,"pubType":"Book","customerResourcesList":[{"titleId":17063795,"packageId":2723775,"packageName":"TEST_CUSTOMER_ID-live-custompackage","packageType":"Custom","isPackageCustom":true,"vendorId":123355,"vendorName":"API
        DEV CORPORATE CUSTOMER","locationId":0,"isSelected":true,"isTokenNeeded":false,"visibilityData":{"isHidden":false,"reason":""},"managedCoverageList":[],"customCoverageList":[],"coverageStatement":null,"managedEmbargoPeriod":{"embargoUnit":null,"embargoValue":0},"customEmbargoPeriod":{"embargoUnit":null,"embargoValue":0},"url":null,"userDefinedField1":null,"userDefinedField2":null,"userDefinedField3":null,"userDefinedField4":null,"userDefinedField5":null}]},{"titleId":16901088,"titleName":"Mobile
        Access","publisherName":null,"identifiersList":null,"subjectsList":null,"isTitleCustom":true,"pubType":"Unspecified","customerResourcesList":[{"titleId":16901088,"packageId":2723775,"packageName":"TEST_CUSTOMER_ID-live-custompackage","packageType":"Custom","isPackageCustom":true,"vendorId":123355,"vendorName":"API
        DEV CORPORATE CUSTOMER","locationId":0,"isSelected":true,"isTokenNeeded":false,"visibilityData":{"isHidden":false,"reason":""},"managedCoverageList":[],"customCoverageList":[],"coverageStatement":null,"managedEmbargoPeriod":{"embargoUnit":null,"embargoValue":0},"customEmbargoPeriod":{"embargoUnit":null,"embargoValue":0},"url":null,"userDefinedField1":null,"userDefinedField2":null,"userDefinedField3":null,"userDefinedField4":null,"userDefinedField5":null}]},{"titleId":17063797,"titleName":"test-create-custom-title","publisherName":"EBSCO
        Publishing","identifiersList":[{"id":"1234","source":"ResourceIdentifier","subtype":1,"type":1}],"subjectsList":null,"isTitleCustom":true,"pubType":"Book","customerResourcesList":[{"titleId":17063797,"packageId":2723775,"packageName":"TEST_CUSTOMER_ID-live-custompackage","packageType":"Custom","isPackageCustom":true,"vendorId":123355,"vendorName":"API
        DEV CORPORATE CUSTOMER","locationId":38112826,"isSelected":true,"isTokenNeeded":false,"visibilityData":{"isHidden":false,"reason":""},"managedCoverageList":[],"customCoverageList":[{"beginCoverage":"2003-01-01","endCoverage":"2003-12-12"}],"coverageStatement":"Issues
        on or after 6/1/1992","managedEmbargoPeriod":{"embargoUnit":null,"embargoValue":0},"customEmbargoPeriod":{"embargoUnit":"Days","embargoValue":1},"url":"http://www.ebsco.com","userDefinedField1":"String1","userDefinedField2":"String2","userDefinedField3":"String3","userDefinedField4":"String4","userDefinedField5":"String5"}]},{"titleId":17063798,"titleName":"test-create-custom-title-2","publisherName":"EBSCO
        Publishing","identifiersList":[{"id":"1234","source":"ResourceIdentifier","subtype":1,"type":1}],"subjectsList":null,"isTitleCustom":true,"pubType":"Book","customerResourcesList":[{"titleId":17063798,"packageId":2723775,"packageName":"TEST_CUSTOMER_ID-live-custompackage","packageType":"Custom","isPackageCustom":true,"vendorId":123355,"vendorName":"API
        DEV CORPORATE CUSTOMER","locationId":38112830,"isSelected":true,"isTokenNeeded":false,"visibilityData":{"isHidden":false,"reason":""},"managedCoverageList":[],"customCoverageList":[{"beginCoverage":"2003-01-01","endCoverage":"2003-12-12"}],"coverageStatement":"Issues
        on or after 6/1/1992","managedEmbargoPeriod":{"embargoUnit":null,"embargoValue":0},"customEmbargoPeriod":{"embargoUnit":"Days","embargoValue":1},"url":"http://www.ebsco.com","userDefinedField1":"String1","userDefinedField2":"String2","userDefinedField3":"String3","userDefinedField4":"String4","userDefinedField5":"String5"}]},{"titleId":17063799,"titleName":"test-create-custom-title-3","publisherName":"EBSCO
        Publishing","identifiersList":[{"id":"1234","source":"ResourceIdentifier","subtype":1,"type":1}],"subjectsList":null,"isTitleCustom":true,"pubType":"Book","customerResourcesList":[{"titleId":17063799,"packageId":2723775,"packageName":"TEST_CUSTOMER_ID-live-custompackage","packageType":"Custom","isPackageCustom":true,"vendorId":123355,"vendorName":"API
        DEV CORPORATE CUSTOMER","locationId":38112834,"isSelected":true,"isTokenNeeded":false,"visibilityData":{"isHidden":false,"reason":""},"managedCoverageList":[],"customCoverageList":[{"beginCoverage":"2003-01-01","endCoverage":"2003-12-12"}],"coverageStatement":"Issues
        on or after 6/1/1992","managedEmbargoPeriod":{"embargoUnit":null,"embargoValue":0},"customEmbargoPeriod":{"embargoUnit":"Days","embargoValue":1},"url":"http://www.ebsco.com","userDefinedField1":"String1","userDefinedField2":"String2","userDefinedField3":"String3","userDefinedField4":"String4","userDefinedField5":"String5"}]},{"titleId":17063872,"titleName":"test-create-custom-title-4","publisherName":"EBSCO
        Publishing","identifiersList":[{"id":"1234","source":"ResourceIdentifier","subtype":1,"type":1}],"subjectsList":null,"isTitleCustom":true,"pubType":"Book","customerResourcesList":[{"titleId":17063872,"packageId":2723775,"packageName":"TEST_CUSTOMER_ID-live-custompackage","packageType":"Custom","isPackageCustom":true,"vendorId":123355,"vendorName":"API
        DEV CORPORATE CUSTOMER","locationId":38113150,"isSelected":true,"isTokenNeeded":false,"visibilityData":{"isHidden":false,"reason":""},"managedCoverageList":[],"customCoverageList":[{"beginCoverage":"2003-01-01","endCoverage":"2003-12-12"}],"coverageStatement":"Issues
        on or after 6/1/1992","managedEmbargoPeriod":{"embargoUnit":null,"embargoValue":0},"customEmbargoPeriod":{"embargoUnit":"Days","embargoValue":1},"url":"http://www.ebsco.com","userDefinedField1":"String1","userDefinedField2":"String2","userDefinedField3":"String3","userDefinedField4":"String4","userDefinedField5":"String5"}]},{"titleId":17063803,"titleName":"test-create-custom-title-5","publisherName":"EBSCO
        Publishing","identifiersList":[{"id":"1234","source":"ResourceIdentifier","subtype":1,"type":1}],"subjectsList":null,"isTitleCustom":true,"pubType":"Book","customerResourcesList":[{"titleId":17063803,"packageId":2723775,"packageName":"TEST_CUSTOMER_ID-live-custompackage","packageType":"Custom","isPackageCustom":true,"vendorId":123355,"vendorName":"API
        DEV CORPORATE CUSTOMER","locationId":38112861,"isSelected":true,"isTokenNeeded":false,"visibilityData":{"isHidden":false,"reason":""},"managedCoverageList":[],"customCoverageList":[{"beginCoverage":"2003-01-01","endCoverage":"2003-12-12"}],"coverageStatement":"Issues
        on or after 6/1/1992","managedEmbargoPeriod":{"embargoUnit":null,"embargoValue":0},"customEmbargoPeriod":{"embargoUnit":"Days","embargoValue":1},"url":"http://www.ebsco.com","userDefinedField1":"String1","userDefinedField2":"String2","userDefinedField3":"String3","userDefinedField4":"String4","userDefinedField5":"String5"}]},{"titleId":17065079,"titleName":"test-create-custom-title-6","publisherName":"EBSCO
        Publishing","identifiersList":[{"id":"1234","source":"ResourceIdentifier","subtype":1,"type":1}],"subjectsList":null,"isTitleCustom":true,"pubType":"Book","customerResourcesList":[{"titleId":17065079,"packageId":2723775,"packageName":"TEST_CUSTOMER_ID-live-custompackage","packageType":"Custom","isPackageCustom":true,"vendorId":123355,"vendorName":"API
        DEV CORPORATE CUSTOMER","locationId":38118164,"isSelected":true,"isTokenNeeded":false,"visibilityData":{"isHidden":false,"reason":""},"managedCoverageList":[],"customCoverageList":[{"beginCoverage":"2003-01-01","endCoverage":"2003-12-12"}],"coverageStatement":"Issues
        on or after 6/1/1992","managedEmbargoPeriod":{"embargoUnit":null,"embargoValue":0},"customEmbargoPeriod":{"embargoUnit":"Days","embargoValue":1},"url":"http://www.ebsco.com","userDefinedField1":"String1","userDefinedField2":"String2","userDefinedField3":"String3","userDefinedField4":"String4","userDefinedField5":"String5"}]},{"titleId":17309227,"titleName":"test-create-custom-title-again","publisherName":"EBSCO
        Publishing","identifiersList":[{"id":"1234","source":"ResourceIdentifier","subtype":1,"type":1}],"subjectsList":null,"isTitleCustom":true,"pubType":"Book","customerResourcesList":[{"titleId":17309227,"packageId":2723775,"packageName":"TEST_CUSTOMER_ID-live-custompackage","packageType":"Custom","isPackageCustom":true,"vendorId":123355,"vendorName":"API
        DEV CORPORATE CUSTOMER","locationId":38919985,"isSelected":true,"isTokenNeeded":false,"visibilityData":{"isHidden":false,"reason":""},"managedCoverageList":[],"customCoverageList":[{"beginCoverage":"2003-01-01","endCoverage":"2003-12-12"}],"coverageStatement":"Issues
        on or after 6/1/1992","managedEmbargoPeriod":{"embargoUnit":null,"embargoValue":0},"customEmbargoPeriod":{"embargoUnit":"Days","embargoValue":1},"url":"http://www.ebsco.com","userDefinedField1":"String1","userDefinedField2":"String2","userDefinedField3":"String3","userDefinedField4":"String4","userDefinedField5":"String5"}]}]}'
    http_version: 
  recorded_at: Thu, 27 Sep 2018 17:49:14 GMT
recorded_with: VCR 3.0.3
