---
http_interactions:
- request:
    method: get
    uri: https://okapi.frontside.io/configurations/entries?query=module=KB_EBSCO
    body:
      encoding: US-ASCII
      string: ''
    headers:
      Content-Type:
      - application/json
      Accept:
      - application/json
      X-Okapi-Tenant:
      - fs
      X-Okapi-Token:
      - TEST_OKAPI_TOKEN
      Accept-Encoding:
      - gzip;q=1.0,deflate;q=0.6,identity;q=0.3
      User-Agent:
      - Ruby
  response:
    status:
      code: 200
      message: OK
    headers:
      Server:
      - nginx/1.13.5
      Date:
      - Fri, 24 Aug 2018 22:26:13 GMT
      Content-Type:
      - application/json
      Transfer-Encoding:
      - chunked
      Connection:
      - keep-alive
      X-Okapi-Trace:
      - 'GET mod-authtoken-1.4.1-SNAPSHOT.21 http://10.39.255.17:8081/configurations/entries..
        : 202 1502us'
      - 'GET mod-configuration-4.0.4-SNAPSHOT.36 http://10.39.247.129:8081/configurations/entries..
        : 200 44048us'
      Host:
      - okapi.frontside.io
      X-Real-Ip:
      - 10.128.0.4
      X-Forwarded-For:
      - 10.128.0.4
      X-Forwarded-Host:
      - okapi.frontside.io
      X-Forwarded-Port:
      - '443'
      X-Forwarded-Proto:
      - https
      X-Original-Uri:
      - "/configurations/entries?query=module=KB_EBSCO"
      X-Scheme:
      - https
      X-Auth-Request-Redirect:
      - "/configurations/entries?query=module=KB_EBSCO"
      Accept:
      - application/json
      X-Okapi-Tenant:
      - fs
      Accept-Encoding:
      - gzip;q=1.0,deflate;q=0.6,identity;q=0.3
      User-Agent:
      - Ruby
      X-Okapi-Request-Id:
      - 254998/configurations
      X-Okapi-Url:
      - http://10.39.254.87:80
      X-Okapi-Permissions:
      - '["configuration.entries.collection.get","configuration.entries.collection.get"]'
      X-Okapi-User-Id:
      - 1ad737b0-d847-11e6-bf26-cec0c932ce01
      X-Okapi-Token:
      - TEST_OKAPI_TOKEN
      Strict-Transport-Security:
      - max-age=15724800; includeSubDomains;
    body:
      encoding: ASCII-8BIT
      string: |-
        {
          "configs" : [ {
            "id" : "b5bac054-3b49-4a86-ab00-1f22e201cb63",
            "module" : "KB_EBSCO",
            "configName" : "api_credentials",
            "code" : "kb.ebsco.credentials",
            "description" : "EBSCO RM-API Credentials",
            "enabled" : true,
            "value" : "customer-id=TEST_CUSTOMER_ID&api-key=TEST_API_KEY",
            "metadata" : {
              "createdDate" : "2018-08-24T21:28:34.010+0000",
              "createdByUserId" : "1ad737b0-d847-11e6-bf26-cec0c932ce01",
              "updatedDate" : "2018-08-24T21:28:34.010+0000",
              "updatedByUserId" : "1ad737b0-d847-11e6-bf26-cec0c932ce01"
            }
          } ],
          "totalRecords" : 1,
          "resultInfo" : {
            "totalRecords" : 1,
            "facets" : [ ]
          }
        }
    http_version: 
  recorded_at: Fri, 24 Aug 2018 22:26:13 GMT
- request:
    method: get
    uri: https://api.ebsco.io/rm/rmaccounts/TEST_CUSTOMER_ID/vendors/19/packages/6581
    body:
      encoding: UTF-8
      string: ''
    headers:
      X-Api-Key:
      - TEST_API_KEY
      Content-Type:
      - application/json
      Accept:
      - application/json
      Connection:
      - close
      Host:
      - api.ebsco.io
      User-Agent:
      - http.rb/3.3.0
  response:
    status:
      code: 200
      message: OK
    headers:
      Content-Type:
      - application/json;charset=UTF-8
      Content-Length:
      - '451'
      Connection:
      - close
      Date:
      - Fri, 24 Aug 2018 22:26:13 GMT
      X-Amzn-Requestid:
      - b568e1e5-a7ec-11e8-aa78-2154b944a51e
      X-Amzn-Remapped-Connection:
      - keep-alive
      X-Amz-Apigw-Id:
      - MJng0EVMIAMFWIg=
      X-Amzn-Remapped-Date:
      - Fri, 24 Aug 2018 22:26:12 GMT
      X-Cache:
      - Miss from cloudfront
      Via:
      - 1.1 001e3d2e0977f947f2e93be8539ac1de.cloudfront.net (CloudFront)
      X-Amz-Cf-Id:
      - g5rMOAW-CQLgrjXG7s50GStrpfWXLr0ecHFqtI-rY85lsGDZ2fqAqA==
    body:
      encoding: UTF-8
      string: '{"packageId":6581,"packageName":"EBSCO Biotechnology Collection: India","isCustom":false,"vendorId":19,"vendorName":"EBSCO","titleCount":156,"isSelected":false,"visibilityData":{"isHidden":false,"reason":""},"selectedCount":0,"isTokenNeeded":false,"contentType":"AggregatedFullText","customCoverage":{"beginCoverage":"","endCoverage":""},"proxy":{"id":"<n>","inherited":true},"allowEbscoToAddTitles":false,"packageToken":null,"packageType":"Complete"}'
    http_version: 
  recorded_at: Fri, 24 Aug 2018 22:26:13 GMT
- request:
    method: get
    uri: https://api.ebsco.io/rm/rmaccounts/TEST_CUSTOMER_ID/vendors/19/packages/6581
    body:
      encoding: UTF-8
      string: ''
    headers:
      X-Api-Key:
      - TEST_API_KEY
      Content-Type:
      - application/json
      Accept:
      - application/json
      Connection:
      - close
      Host:
      - api.ebsco.io
      User-Agent:
      - http.rb/3.3.0
  response:
    status:
      code: 200
      message: OK
    headers:
      Content-Type:
      - application/json;charset=UTF-8
      Content-Length:
      - '451'
      Connection:
      - close
      Date:
      - Fri, 24 Aug 2018 22:26:13 GMT
      X-Amzn-Requestid:
      - b5825d56-a7ec-11e8-84d4-c93584c2e56d
      X-Amzn-Remapped-Connection:
      - keep-alive
      X-Amz-Apigw-Id:
      - MJng2HZ0IAMFmEw=
      X-Amzn-Remapped-Date:
      - Fri, 24 Aug 2018 22:26:12 GMT
      X-Cache:
      - Miss from cloudfront
      Via:
      - 1.1 8fffcdedc691b0191a3ea5a8f72d87d8.cloudfront.net (CloudFront)
      X-Amz-Cf-Id:
      - Z7LxNTwRhCi1MBqYJU3GYker4pA_3P_qne2l0amUqmkh_Jh81zljsA==
    body:
      encoding: UTF-8
      string: '{"packageId":6581,"packageName":"EBSCO Biotechnology Collection: India","isCustom":false,"vendorId":19,"vendorName":"EBSCO","titleCount":156,"isSelected":false,"visibilityData":{"isHidden":false,"reason":""},"selectedCount":0,"isTokenNeeded":false,"contentType":"AggregatedFullText","customCoverage":{"beginCoverage":"","endCoverage":""},"proxy":{"id":"<n>","inherited":true},"allowEbscoToAddTitles":false,"packageToken":null,"packageType":"Complete"}'
    http_version: 
  recorded_at: Fri, 24 Aug 2018 22:26:13 GMT
- request:
    method: get
    uri: https://api.ebsco.io/rm/rmaccounts/TEST_CUSTOMER_ID/vendors/19/packages/6581/titles?count=25&offset=1&orderby=relevance&resourcetype=all&search=acta&searchfield=titlename&selection=all
    body:
      encoding: US-ASCII
      string: ''
    headers:
      User-Agent:
      - Flexirest/1.7.0
      Connection:
      - Keep-Alive
      Accept:
      - application/json
      X-Api-Key:
      - TEST_API_KEY
      Content-Type:
      - application/json
      Accept-Encoding:
      - gzip;q=1.0,deflate;q=0.6,identity;q=0.3
  response:
    status:
      code: 200
      message: OK
    headers:
      Content-Type:
      - application/json; charset=utf-8
      Content-Length:
      - '1298'
      Connection:
      - keep-alive
      Date:
      - Fri, 24 Aug 2018 22:26:14 GMT
      X-Amzn-Requestid:
      - b5939b1a-a7ec-11e8-bc66-25a999083e37
      X-Amzn-Remapped-Content-Length:
      - '1298'
      X-Amzn-Remapped-Connection:
      - keep-alive
      X-Amz-Apigw-Id:
      - MJng3EHFoAMFs1w=
      X-Amzn-Remapped-Server:
      - Microsoft-IIS/8.5
      Cache-Control:
      - no-cache
      Expires:
      - "-1"
      X-Powered-By:
      - ASP.NET
      Pragma:
      - no-cache
      X-Amzn-Remapped-Date:
      - Fri, 24 Aug 2018 22:26:12 GMT
      X-Aspnet-Version:
      - 4.0.30319
      X-Cache:
      - Miss from cloudfront
      Via:
      - 1.1 a6a098cdc333f9948baa2a00729f4f25.cloudfront.net (CloudFront)
      X-Amz-Cf-Id:
      - W9LzJh9kZ0gUpetl8hs4IJUDqxJetrxw0MDmeleJGM5CwAMsaiEnOw==
    body:
      encoding: UTF-8
      string: '{"totalResults":1,"titles":[{"titleId":581242,"titleName":"Acta Scientiarum
        Polonorum. Biotechnologia","publisherName":"Wroclaw University of Environmental
        & Life Sciences","identifiersList":[{"id":"1644-065X","source":"ResourceIdentifier","subtype":1,"type":0},{"id":"2083-8654","source":"ResourceIdentifier","subtype":2,"type":0},{"id":"97C7","source":"MFS","subtype":0,"type":8},{"id":"581242","source":"AtoZ","subtype":0,"type":9}],"subjectsList":[{"type":"TLI","subject":"Biological
        Engineering"}],"isTitleCustom":false,"pubType":"Journal","customerResourcesList":[{"titleId":581242,"packageId":6581,"packageName":"EBSCO
        Biotechnology Collection: India","packageType":"Complete","isPackageCustom":false,"vendorId":19,"vendorName":"EBSCO","locationId":4829613,"isSelected":false,"isTokenNeeded":false,"visibilityData":{"isHidden":false,"reason":""},"managedCoverageList":[{"beginCoverage":"2008-12-01","endCoverage":""}],"customCoverageList":[],"coverageStatement":null,"managedEmbargoPeriod":{"embargoUnit":null,"embargoValue":0},"customEmbargoPeriod":{"embargoUnit":null,"embargoValue":0},"url":"http://search.ebscohost.com/direct.asp?db=bti&jid=97C7&scope=site","userDefinedField1":null,"userDefinedField2":null,"userDefinedField3":null,"userDefinedField4":null,"userDefinedField5":null}]}]}'
    http_version: 
  recorded_at: Fri, 24 Aug 2018 22:26:14 GMT
- request:
    method: get
    uri: https://api.ebsco.io/rm/rmaccounts/TEST_CUSTOMER_ID/vendors/19/packages/6581/titles?count=25&offset=1&orderby=relevance&q=&resourcetype=all&search=acta&searchfield=titlename&selection=all
    body:
      encoding: US-ASCII
      string: ''
    headers:
      User-Agent:
      - Flexirest/1.7.0
      Connection:
      - Keep-Alive
      Accept:
      - application/json
      X-Api-Key:
      - TEST_API_KEY
      Content-Type:
      - application/json
      Accept-Encoding:
      - gzip;q=1.0,deflate;q=0.6,identity;q=0.3
  response:
    status:
      code: 200
      message: OK
    headers:
      Content-Type:
      - application/json; charset=utf-8
      Content-Length:
      - '1298'
      Connection:
      - keep-alive
      Date:
      - Tue, 28 Aug 2018 19:53:12 GMT
      X-Amzn-Requestid:
      - fe619073-aafb-11e8-b0b0-2d66a9a6f00b
      X-Amzn-Remapped-Content-Length:
      - '1298'
      X-Amzn-Remapped-Connection:
      - keep-alive
      X-Amz-Apigw-Id:
      - MWc2MHdxIAMFVTQ=
      X-Amzn-Remapped-Server:
      - Microsoft-IIS/8.5
      Cache-Control:
      - no-cache
      Expires:
      - "-1"
      X-Powered-By:
      - ASP.NET
      Pragma:
      - no-cache
      X-Amzn-Remapped-Date:
      - Tue, 28 Aug 2018 19:53:10 GMT
      X-Aspnet-Version:
      - 4.0.30319
      X-Cache:
      - Miss from cloudfront
      Via:
      - 1.1 a7dda29620c2fec27c03f7bf6c406fc0.cloudfront.net (CloudFront)
      X-Amz-Cf-Id:
      - yQer3-_rkbwZ00pFzpYF0JenlCpLp1cIcFih6ul3j2sxwpEccMT4Bw==
    body:
      encoding: UTF-8
      string: '{"totalResults":1,"titles":[{"titleId":581242,"titleName":"Acta Scientiarum
        Polonorum. Biotechnologia","publisherName":"Wroclaw University of Environmental
        & Life Sciences","identifiersList":[{"id":"1644-065X","source":"ResourceIdentifier","subtype":1,"type":0},{"id":"2083-8654","source":"ResourceIdentifier","subtype":2,"type":0},{"id":"97C7","source":"MFS","subtype":0,"type":8},{"id":"581242","source":"AtoZ","subtype":0,"type":9}],"subjectsList":[{"type":"TLI","subject":"Biological
        Engineering"}],"isTitleCustom":false,"pubType":"Journal","customerResourcesList":[{"titleId":581242,"packageId":6581,"packageName":"EBSCO
        Biotechnology Collection: India","packageType":"Complete","isPackageCustom":false,"vendorId":19,"vendorName":"EBSCO","locationId":4829613,"isSelected":false,"isTokenNeeded":false,"visibilityData":{"isHidden":false,"reason":""},"managedCoverageList":[{"beginCoverage":"2008-12-01","endCoverage":""}],"customCoverageList":[],"coverageStatement":null,"managedEmbargoPeriod":{"embargoUnit":null,"embargoValue":0},"customEmbargoPeriod":{"embargoUnit":null,"embargoValue":0},"url":"http://search.ebscohost.com/direct.asp?db=bti&jid=97C7&scope=site","userDefinedField1":null,"userDefinedField2":null,"userDefinedField3":null,"userDefinedField4":null,"userDefinedField5":null}]}]}'
    http_version: 
  recorded_at: Tue, 28 Aug 2018 19:53:12 GMT
recorded_with: VCR 3.0.3
