---
http_interactions:
- request:
    method: get
    uri: https://okapi-sandbox.frontside.io/configurations/entries?query=module=KB_EBSCO
    body:
      encoding: US-ASCII
      string: ''
    headers:
      Content-Type:
      - application/json
      Accept:
      - application/json
      X-Okapi-Tenant:
      - fs
      X-Okapi-Token:
      - TEST_OKAPI_TOKEN
      Accept-Encoding:
      - gzip;q=1.0,deflate;q=0.6,identity;q=0.3
      User-Agent:
      - Ruby
  response:
    status:
      code: 200
      message: OK
    headers:
      Server:
      - nginx/1.13.5
      Date:
      - Mon, 20 Nov 2017 20:50:30 GMT
      Content-Type:
      - application/json
      Transfer-Encoding:
      - chunked
      Connection:
      - keep-alive
      X-Okapi-Trace:
      - 'GET mod-authtoken-1.1.1-SNAPSHOT.7 http://10.31.244.178:8081/configurations/entries..
        : 202'
      - 'GET mod-configuration-3.0.1-SNAPSHOT.18 http://10.31.253.220:8081/configurations/entries..
        : 200 42519us'
      Host:
      - okapi-sandbox.frontside.io
      X-Real-Ip:
      - 10.28.1.1
      X-Forwarded-For:
      - 10.28.1.1
      X-Forwarded-Host:
      - okapi-sandbox.frontside.io
      X-Forwarded-Port:
      - '443'
      X-Forwarded-Proto:
      - https
      X-Original-Uri:
      - "/configurations/entries?query=module=KB_EBSCO"
      X-Scheme:
      - https
      X-Auth-Request-Redirect:
      - "/configurations/entries?query=module=KB_EBSCO"
      Accept:
      - application/json
      X-Okapi-Tenant:
      - fs
      Accept-Encoding:
      - gzip;q=1.0,deflate;q=0.6,identity;q=0.3
      User-Agent:
      - Ruby
      X-Okapi-Request-Id:
      - 184760/configurations
      X-Okapi-Url:
      - http://10.31.252.16:80
      X-Okapi-Permissions-Required:
      - configuration.entries.collection.get
      X-Okapi-Module-Permissions:
      - '{"mod-authtoken-1.1.1-SNAPSHOT.7":["perms.users.get"]}'
      X-Okapi-Permissions:
      - '["configuration.entries.collection.get"]'
      X-Okapi-User-Id:
      - 1ad737b0-d847-11e6-bf26-cec0c932ce01
      X-Okapi-Token:
      - TEST_OKAPI_TOKEN
      Strict-Transport-Security:
      - max-age=15724800; includeSubDomains;
    body:
      encoding: ASCII-8BIT
      string: |-
        {
          "configs" : [ {
            "id" : "38b02715-f095-4afc-b07f-c299827e9b98",
            "module" : "KB_EBSCO",
            "configName" : "api_credentials",
            "code" : "kb.ebsco.credentials",
            "description" : "EBSCO RM-API Credentials",
            "enabled" : true,
            "value" : "customer-id=TEST_CUSTOMER_ID&api-key=TEST_API_KEY",
            "metadata" : {
              "createdDate" : "2017-11-02T15:56:49.186+0000",
              "createdByUserId" : "1ad737b0-d847-11e6-bf26-cec0c932ce01",
              "updatedDate" : "2017-11-02T15:56:49.186+0000",
              "updatedByUserId" : "1ad737b0-d847-11e6-bf26-cec0c932ce01"
            }
          } ],
          "totalRecords" : 1,
          "resultInfo" : {
            "totalRecords" : 1,
            "facets" : [ ]
          }
        }
    http_version: 
  recorded_at: Mon, 20 Nov 2017 20:50:30 GMT
- request:
    method: get
    uri: https://sandbox.ebsco.io/rm/rmaccounts/TEST_CUSTOMER_ID/vendors/22/packages/1887786/titles/1440285
    body:
      encoding: US-ASCII
      string: ''
    headers:
      User-Agent:
      - Flexirest/1.5.3
      Connection:
      - Keep-Alive
      Accept:
      - application/json
      X-Api-Key:
      - TEST_API_KEY
      Content-Type:
      - application/json
      Accept-Encoding:
      - gzip;q=1.0,deflate;q=0.6,identity;q=0.3
  response:
    status:
      code: 200
      message: OK
    headers:
      Content-Type:
      - application/json; charset=utf-8
      Content-Length:
      - '1469'
      Connection:
      - keep-alive
      Date:
      - Mon, 20 Nov 2017 20:50:31 GMT
      X-Amzn-Requestid:
      - 72698b25-ce34-11e7-bef4-95956110958a
      X-Amzn-Remapped-Content-Length:
      - '1469'
      X-Amzn-Remapped-Connection:
      - keep-alive
      X-Amzn-Remapped-Server:
      - Microsoft-IIS/8.5
      Cache-Control:
      - no-cache
      Expires:
      - "-1"
      X-Powered-By:
      - ASP.NET
      Pragma:
      - no-cache
      X-Amzn-Remapped-Date:
      - Mon, 20 Nov 2017 20:50:31 GMT
      X-Aspnet-Version:
      - 4.0.30319
      X-Cache:
      - Miss from cloudfront
      Via:
      - 1.1 31a5ac398732eefcbcca024a00640590.cloudfront.net (CloudFront)
      X-Amz-Cf-Id:
      - Wo9c1yN9O9qMffMiUtrHPQTGHh6mzl-d36SfpgoiAgEC8wDIpWgikQ==
    body:
      encoding: UTF-8
      string: '{"description":null,"edition":null,"isPeerReviewed":false,"contributorsList":[{"type":"author","contributor":"Havard,
        Margaret"},{"type":"author","contributor":"Tiziani, Adriana."}],"titleId":1440285,"titleName":"Havard''s
        Nursing Guide to Drugs (Nursing Guide to Drugs)","publisherName":"Elsevier","identifiersList":[{"id":"1440285","source":"AtoZ","subtype":0,"type":9},{"id":"475765","source":"ResourceIdentifier","subtype":0,"type":7},{"id":"978-0-7295-3913-5","source":"ResourceIdentifier","subtype":1,"type":1},{"id":"978-0-7295-7913-1","source":"ResourceIdentifier","subtype":2,"type":1}],"subjectsList":[{"type":"BISAC","subject":"MEDICAL
        / Nursing / Pharmacology"}],"isTitleCustom":false,"pubType":"Book","customerResourcesList":[{"titleId":1440285,"packageId":1887786,"packageName":"ProQuest
        Ebook Central","isPackageCustom":false,"vendorId":22,"vendorName":"Proquest
        Info & Learning Co","locationId":17545807,"isSelected":false,"isTokenNeeded":true,"visibilityData":{"isHidden":false,"reason":""},"managedCoverageList":[{"beginCoverage":"2010-01-01","endCoverage":"2010-12-31"}],"customCoverageList":[],"coverageStatement":null,"managedEmbargoPeriod":{"embargoUnit":null,"embargoValue":0},"customEmbargoPeriod":{"embargoUnit":null,"embargoValue":0},"url":"http://ebookcentral.proquest.com/lib/[SITE_ID]/detail.action?docID=1722033","userDefinedField1":null,"userDefinedField2":null,"userDefinedField3":null,"userDefinedField4":null,"userDefinedField5":null}]}'
    http_version: 
  recorded_at: Mon, 20 Nov 2017 20:50:31 GMT
- request:
    method: get
    uri: https://sandbox.ebsco.io/rm/rmaccounts/TEST_CUSTOMER_ID/vendors/22/packages/1887786
    body:
      encoding: US-ASCII
      string: ''
    headers:
      User-Agent:
      - Flexirest/1.5.3
      Connection:
      - Keep-Alive
      Accept:
      - application/json
      X-Api-Key:
      - TEST_API_KEY
      Content-Type:
      - application/json
      Accept-Encoding:
      - gzip;q=1.0,deflate;q=0.6,identity;q=0.3
  response:
    status:
      code: 200
      message: OK
    headers:
      Content-Type:
      - application/json; charset=utf-8
      Content-Length:
      - '341'
      Connection:
      - keep-alive
      Date:
      - Mon, 20 Nov 2017 20:50:31 GMT
      X-Amzn-Requestid:
      - 729bbe68-ce34-11e7-a257-dbad44832059
      X-Amzn-Remapped-Content-Length:
      - '341'
      X-Amzn-Remapped-Connection:
      - keep-alive
      X-Amzn-Remapped-Server:
      - Microsoft-IIS/8.5
      Cache-Control:
      - no-cache
      Expires:
      - "-1"
      X-Powered-By:
      - ASP.NET
      Pragma:
      - no-cache
      X-Amzn-Remapped-Date:
      - Mon, 20 Nov 2017 20:50:31 GMT
      X-Aspnet-Version:
      - 4.0.30319
      X-Cache:
      - Miss from cloudfront
      Via:
      - 1.1 e14228d1c5c45bb6d7b2b04dc268fae1.cloudfront.net (CloudFront)
      X-Amz-Cf-Id:
      - mS9cdJ64cypnUylcVTDPhflfurf2oIfal8hMg9t4V-225tkNm8lEfQ==
    body:
      encoding: UTF-8
      string: '{"packageId":1887786,"packageName":"ProQuest Ebook Central","isCustom":false,"vendorId":22,"vendorName":"Proquest
        Info & Learning Co","titleCount":108140,"isSelected":false,"visibilityData":{"isHidden":false,"reason":""},"selectedCount":0,"isTokenNeeded":true,"contentType":"EBook","customCoverage":{"beginCoverage":null,"endCoverage":null}}'
    http_version: 
  recorded_at: Mon, 20 Nov 2017 20:50:31 GMT
recorded_with: VCR 3.0.3
