---
http_interactions:
- request:
    method: get
    uri: https://okapi.frontside.io/configurations/entries?query=module=EKB
    body:
      encoding: US-ASCII
      string: ''
    headers:
      Content-Type:
      - application/json
      Accept:
      - application/json
      X-Okapi-Tenant:
      - fs
      X-Okapi-Token:
      - TEST_OKAPI_TOKEN
      Accept-Encoding:
      - gzip;q=1.0,deflate;q=0.6,identity;q=0.3
      User-Agent:
      - Ruby
  response:
    status:
      code: 200
      message: OK
    headers:
      Server:
      - nginx/1.13.5
      Date:
      - Wed, 12 Sep 2018 16:27:05 GMT
      Content-Type:
      - application/json
      Transfer-Encoding:
      - chunked
      Connection:
      - keep-alive
      X-Okapi-Trace:
      - 'GET mod-authtoken-1.5.2-SNAPSHOT.26 http://10.39.242.252:8081/configurations/entries..
        : 202 506108us'
      - 'GET mod-configuration-5.0.1-SNAPSHOT.45 http://10.39.249.105:8081/configurations/entries..
        : 200 245527us'
      Host:
      - okapi.frontside.io
      X-Real-Ip:
      - 10.36.5.1
      X-Forwarded-For:
      - 10.36.5.1
      X-Forwarded-Host:
      - okapi.frontside.io
      X-Forwarded-Port:
      - '443'
      X-Forwarded-Proto:
      - https
      X-Original-Uri:
      - "/configurations/entries?query=module=EKB"
      X-Scheme:
      - https
      X-Auth-Request-Redirect:
      - "/configurations/entries?query=module=EKB"
      Accept:
      - application/json
      X-Okapi-Tenant:
      - fs
      Accept-Encoding:
      - gzip;q=1.0,deflate;q=0.6,identity;q=0.3
      User-Agent:
      - Ruby
      X-Okapi-Request-Id:
      - 890192/configurations
      X-Okapi-Url:
      - http://10.39.245.41:80
      X-Okapi-Permissions:
      - '["configuration.entries.collection.get","configuration.entries.collection.get"]'
      X-Okapi-User-Id:
      - 1ad737b0-d847-11e6-bf26-cec0c932ce01
      X-Okapi-Token:
      - TEST_OKAPI_TOKEN
      Strict-Transport-Security:
      - max-age=15724800; includeSubDomains;
    body:
      encoding: ASCII-8BIT
      string: |-
        {
          "configs" : [ {
            "id" : "efadf3d8-59c3-4508-99d4-3e36e9247d87",
            "module" : "EKB",
            "configName" : "api_access",
            "code" : "kb.ebsco.url",
            "description" : "EBSCO RM-API URL",
            "enabled" : true,
            "value" : "https://api.ebsco.io",
            "metadata" : {
              "createdDate" : "2018-09-12T12:34:52.189+0000",
              "createdByUserId" : "1ad737b0-d847-11e6-bf26-cec0c932ce01",
              "updatedDate" : "2018-09-12T12:34:52.189+0000",
              "updatedByUserId" : "1ad737b0-d847-11e6-bf26-cec0c932ce01"
            }
          }, {
            "id" : "6b24b703-243a-4261-a7bf-0336d34f8c94",
            "module" : "EKB",
            "configName" : "api_access",
            "code" : "kb.ebsco.customerId",
            "description" : "EBSCO RM-API Customer ID",
            "enabled" : true,
            "value" : "TEST_CUSTOMER_ID",
            "metadata" : {
              "createdDate" : "2018-09-12T12:34:52.466+0000",
              "createdByUserId" : "1ad737b0-d847-11e6-bf26-cec0c932ce01",
              "updatedDate" : "2018-09-12T12:34:52.466+0000",
              "updatedByUserId" : "1ad737b0-d847-11e6-bf26-cec0c932ce01"
            }
          }, {
            "id" : "8038c4f3-0b09-4d97-be46-8a5236ef3f2f",
            "module" : "EKB",
            "configName" : "api_access",
            "code" : "kb.ebsco.apiKey",
            "description" : "EBSCO RM-API API Key",
            "enabled" : true,
            "value" : "TEST_API_KEY",
            "metadata" : {
              "createdDate" : "2018-09-12T12:34:52.788+0000",
              "createdByUserId" : "1ad737b0-d847-11e6-bf26-cec0c932ce01",
              "updatedDate" : "2018-09-12T12:34:52.788+0000",
              "updatedByUserId" : "1ad737b0-d847-11e6-bf26-cec0c932ce01"
            }
          } ],
          "totalRecords" : 3,
          "resultInfo" : {
            "totalRecords" : 3,
            "facets" : [ ]
          }
        }
    http_version: 
  recorded_at: Wed, 12 Sep 2018 16:27:05 GMT
- request:
    method: get
    uri: https://api.ebsco.io/rm/rmaccounts/TEST_CUSTOMER_ID/vendors?count=25&offset=1&orderby=relevance&search=TEST_CUSTOMER_ID
    body:
      encoding: US-ASCII
      string: ''
    headers:
      User-Agent:
      - Flexirest/1.7.0
      Connection:
      - Keep-Alive
      Accept:
      - application/json
      X-Api-Key:
      - TEST_API_KEY
      Content-Type:
      - application/json
      Accept-Encoding:
      - gzip;q=1.0,deflate;q=0.6,identity;q=0.3
  response:
    status:
      code: 200
      message: OK
    headers:
      Content-Type:
      - application/json;charset=UTF-8
      Content-Length:
      - '172'
      Connection:
      - keep-alive
      Date:
      - Wed, 12 Sep 2018 16:27:05 GMT
      X-Amzn-Requestid:
      - afd20ea4-b6a8-11e8-84fe-b16ba5114c47
      X-Amzn-Remapped-Connection:
      - keep-alive
      X-Amz-Apigw-Id:
      - NHat_HCBoAMF3pQ=
      X-Amzn-Remapped-Date:
      - Wed, 12 Sep 2018 16:27:05 GMT
      X-Cache:
      - Miss from cloudfront
      Via:
      - 1.1 db75847fab4e709c030dc822692c0e78.cloudfront.net (CloudFront)
      X-Amz-Cf-Id:
      - fg8947m004Rnay3a4YTUEWUmLlPlePx_S11eIyvC6x8yDZD1oQwZNA==
    body:
      encoding: UTF-8
      string: '{"totalResults":1,"vendors":[{"vendorId":123355,"vendorName":"API DEV
        CORPORATE CUSTOMER","isCustomer":true,"packagesTotal":138,"packagesSelected":138,"vendorToken":null}]}'
    http_version: 
  recorded_at: Wed, 12 Sep 2018 16:27:05 GMT
- request:
    method: post
    uri: https://api.ebsco.io/rm/rmaccounts/TEST_CUSTOMER_ID/vendors/123355/packages/
    body:
      encoding: UTF-8
      string: '{"contentType":6,"packageName":"VCR Package 1.9"}'
    headers:
      X-Api-Key:
      - TEST_API_KEY
      Content-Type:
      - application/json
      Accept:
      - application/json
      Connection:
      - close
      Host:
      - api.ebsco.io
      User-Agent:
      - http.rb/3.3.0
  response:
    status:
      code: 200
      message: OK
    headers:
      Content-Type:
      - application/json;charset=UTF-8
      Content-Length:
      - '21'
      Connection:
      - close
      Date:
      - Wed, 12 Sep 2018 16:27:06 GMT
      X-Amzn-Requestid:
      - b00c3189-b6a8-11e8-9f83-0fe4d0bbbec5
      X-Amzn-Remapped-Connection:
      - keep-alive
      X-Amz-Apigw-Id:
      - NHauDEPTIAMFfGA=
      X-Amzn-Remapped-Date:
      - Wed, 12 Sep 2018 16:27:06 GMT
      X-Cache:
      - Miss from cloudfront
      Via:
      - 1.1 966f5fd0c86bd4e9f829fca8c1e569b8.cloudfront.net (CloudFront)
      X-Amz-Cf-Id:
      - JGdotZZSj8l62QPQHOlXOFOyTeCRx-ShIjwFgZje8Nvg7-7meaj8Ew==
    body:
      encoding: UTF-8
      string: '{"packageId":3133468}'
    http_version: 
  recorded_at: Wed, 12 Sep 2018 16:27:06 GMT
- request:
    method: get
    uri: https://api.ebsco.io/rm/rmaccounts/TEST_CUSTOMER_ID/vendors/123355/packages/3133468
    body:
      encoding: UTF-8
      string: ''
    headers:
      X-Api-Key:
      - TEST_API_KEY
      Content-Type:
      - application/json
      Accept:
      - application/json
      Connection:
      - close
      Host:
      - api.ebsco.io
      User-Agent:
      - http.rb/3.3.0
  response:
    status:
      code: 200
      message: OK
    headers:
      Content-Type:
      - application/json;charset=UTF-8
      Content-Length:
      - '440'
      Connection:
      - close
      Date:
      - Wed, 12 Sep 2018 16:27:06 GMT
      X-Amzn-Requestid:
      - b048ec4d-b6a8-11e8-a69a-658d52fd4e36
      X-Amzn-Remapped-Connection:
      - keep-alive
      X-Amz-Apigw-Id:
      - NHauHFAToAMFTiA=
      X-Amzn-Remapped-Date:
      - Wed, 12 Sep 2018 16:27:06 GMT
      X-Cache:
      - Miss from cloudfront
      Via:
      - 1.1 e6827ea64787e6a5cb9e6bf48a334563.cloudfront.net (CloudFront)
      X-Amz-Cf-Id:
      - rxQJTTSDyfQYju367dMoc0_vcO1hOzjMHtwo6yAgG5XKaLsq5JVnmQ==
    body:
      encoding: UTF-8
      string: '{"packageId":3133468,"packageName":"VCR Package 1.9","isCustom":true,"vendorId":123355,"vendorName":"API
        DEV CORPORATE CUSTOMER","titleCount":0,"isSelected":true,"visibilityData":{"isHidden":false,"reason":""},"selectedCount":0,"isTokenNeeded":false,"contentType":"Unknown","customCoverage":{"beginCoverage":"","endCoverage":""},"proxy":{"id":"<n>","inherited":true},"allowEbscoToAddTitles":false,"packageToken":null,"packageType":"Custom"}'
    http_version: 
  recorded_at: Wed, 12 Sep 2018 16:27:06 GMT
recorded_with: VCR 3.0.3
