---
http_interactions:
- request:
    method: get
    uri: https://okapi.frontside.io/configurations/entries?query=module=KB_EBSCO
    body:
      encoding: US-ASCII
      string: ''
    headers:
      Content-Type:
      - application/json
      Accept:
      - application/json
      X-Okapi-Tenant:
      - fs
      X-Okapi-Token:
      - TEST_OKAPI_TOKEN
      Accept-Encoding:
      - gzip;q=1.0,deflate;q=0.6,identity;q=0.3
      User-Agent:
      - Ruby
  response:
    status:
      code: 200
      message: OK
    headers:
      Server:
      - nginx/1.13.5
      Date:
      - Thu, 12 Apr 2018 21:25:47 GMT
      Content-Type:
      - application/json
      Transfer-Encoding:
      - chunked
      Connection:
      - keep-alive
      X-Okapi-Trace:
      - 'GET mod-authtoken-1.4.1-SNAPSHOT.20 http://10.39.249.72:8081/configurations/entries..
        : 202 365350us'
      - 'GET mod-configuration-4.0.3-SNAPSHOT.29 http://10.39.252.104:8081/configurations/entries..
        : 200 43848us'
      Host:
      - okapi.frontside.io
      X-Real-Ip:
      - 10.128.0.3
      X-Forwarded-For:
      - 10.128.0.3
      X-Forwarded-Host:
      - okapi.frontside.io
      X-Forwarded-Port:
      - '443'
      X-Forwarded-Proto:
      - https
      X-Original-Uri:
      - "/configurations/entries?query=module=KB_EBSCO"
      X-Scheme:
      - https
      X-Auth-Request-Redirect:
      - "/configurations/entries?query=module=KB_EBSCO"
      Accept:
      - application/json
      X-Okapi-Tenant:
      - fs
      Accept-Encoding:
      - gzip;q=1.0,deflate;q=0.6,identity;q=0.3
      User-Agent:
      - Ruby
      X-Okapi-Request-Id:
      - 234762/configurations
      X-Okapi-Url:
      - http://10.39.243.220:80
      X-Okapi-Permissions-Required:
      - configuration.entries.collection.get
      X-Okapi-Module-Permissions:
      - '{"mod-authtoken-1.4.1-SNAPSHOT.20":["perms.users.get"]}'
      X-Okapi-Permissions:
      - '["configuration.entries.collection.get"]'
      X-Okapi-User-Id:
      - 1ad737b0-d847-11e6-bf26-cec0c932ce01
      X-Okapi-Token:
      - TEST_OKAPI_TOKEN
      Strict-Transport-Security:
      - max-age=15724800; includeSubDomains;
    body:
      encoding: ASCII-8BIT
      string: |-
        {
          "configs" : [ {
            "id" : "9f193b46-4cc5-4c99-b09f-374fe5415673",
            "module" : "KB_EBSCO",
            "configName" : "api_credentials",
            "code" : "kb.ebsco.credentials",
            "description" : "EBSCO RM-API Credentials",
            "enabled" : true,
            "value" : "customer-id=TEST_CUSTOMER_ID&api-key=TEST_API_KEY",
            "metadata" : {
              "createdDate" : "2018-03-28T14:49:56.794+0000",
              "createdByUserId" : "1ad737b0-d847-11e6-bf26-cec0c932ce01",
              "updatedDate" : "2018-03-28T14:49:56.794+0000",
              "updatedByUserId" : "1ad737b0-d847-11e6-bf26-cec0c932ce01"
            }
          } ],
          "totalRecords" : 1,
          "resultInfo" : {
            "totalRecords" : 1,
            "facets" : [ ]
          }
        }
    http_version: 
  recorded_at: Thu, 12 Apr 2018 21:25:47 GMT
- request:
    method: get
    uri: https://api.ebsco.io/rm/rmaccounts/TEST_CUSTOMER_ID/vendors/123355/packages/2845510/titles/62477
    body:
      encoding: US-ASCII
      string: ''
    headers:
      User-Agent:
      - Flexirest/1.5.5
      Connection:
      - Keep-Alive
      Accept:
      - application/json
      X-Api-Key:
      - TEST_API_KEY
      Content-Type:
      - application/json
      Accept-Encoding:
      - gzip;q=1.0,deflate;q=0.6,identity;q=0.3
  response:
    status:
      code: 200
      message: OK
    headers:
      Content-Type:
      - application/json; charset=utf-8
      Content-Length:
      - '2062'
      Connection:
      - keep-alive
      Date:
      - Thu, 12 Apr 2018 21:25:47 GMT
      X-Amzn-Requestid:
      - 11274fb2-3e98-11e8-b609-89593f190249
      X-Amzn-Remapped-Content-Length:
      - '2062'
      X-Amzn-Remapped-Connection:
      - keep-alive
      X-Amz-Apigw-Id:
      - FP1CWGaooAMFhTg=
      X-Amzn-Remapped-Server:
      - Microsoft-IIS/8.5
      Cache-Control:
      - no-cache
      Expires:
      - "-1"
      X-Powered-By:
      - ASP.NET
      Pragma:
      - no-cache
      X-Amzn-Remapped-Date:
      - Thu, 12 Apr 2018 21:25:47 GMT
      X-Aspnet-Version:
      - 4.0.30319
      X-Cache:
      - Miss from cloudfront
      Via:
      - 1.1 ffeb86ea643e3c05b0e9490f7c94d51b.cloudfront.net (CloudFront)
      X-Amz-Cf-Id:
      - FyQ6jyNKrEAzr1_2Xn32DFTiiSo7h0q1ZxvD0eu9s4jvujHoNXcoLw==
    body:
      encoding: UTF-8
      string: '{"titleId":62477,"titleName":"Science","publisherName":"American Association
        for the Advancement of Science","identifiersList":[{"id":"0036-8075","source":"ResourceIdentifier","subtype":1,"type":0},{"id":"01644869","source":"ResourceIdentifier","subtype":0,"type":2},{"id":"036991008","source":"ResourceIdentifier","subtype":0,"type":3},{"id":"101727","source":"ResourceIdentifier","subtype":0,"type":4},{"id":"1095-9203","source":"ResourceIdentifier","subtype":2,"type":0},{"id":"1496749","source":"ResourceIdentifier","subtype":0,"type":7},{"id":"62477","source":"AtoZ","subtype":0,"type":9},{"id":"803597004","source":"ResourceIdentifier","subtype":0,"type":3},{"id":"803597343","source":"ResourceIdentifier","subtype":0,"type":3},{"id":"803597355","source":"ResourceIdentifier","subtype":0,"type":3},{"id":"803916717","source":"ResourceIdentifier","subtype":0,"type":3},{"id":"804167179","source":"ResourceIdentifier","subtype":0,"type":3},{"id":"804240125","source":"ResourceIdentifier","subtype":0,"type":3},{"id":"SCI","source":"MFS","subtype":0,"type":8}],"subjectsList":[{"type":"TLI","subject":"Science
        (General)"}],"isTitleCustom":false,"pubType":"Journal","customerResourcesList":[{"titleId":62477,"packageId":2845510,"packageName":"\"Testing2\"","packageType":"Custom","proxy":{"id":"<n>","inherited":true},"isPackageCustom":true,"vendorId":123355,"vendorName":"API
        DEV CORPORATE CUSTOMER","locationId":0,"isSelected":true,"isTokenNeeded":false,"visibilityData":{"isHidden":false,"reason":""},"managedCoverageList":[],"customCoverageList":[],"coverageStatement":null,"managedEmbargoPeriod":{"embargoUnit":null,"embargoValue":0},"customEmbargoPeriod":{"embargoUnit":null,"embargoValue":0},"url":null,"userDefinedField1":null,"userDefinedField2":null,"userDefinedField3":null,"userDefinedField4":null,"userDefinedField5":null}],"description":"Contains
        peer-reviewed articles, original research reports, a news section, editorials,
        letters, and book reviews on timely science-related topics.","edition":null,"isPeerReviewed":true,"contributorsList":[]}'
    http_version: 
  recorded_at: Thu, 12 Apr 2018 21:25:47 GMT
- request:
    method: put
    uri: https://api.ebsco.io/rm/rmaccounts/TEST_CUSTOMER_ID/vendors/123355/packages/2845510/titles/62477
    body:
      encoding: UTF-8
      string: '{"isSelected":true,"isHidden":true,"customCoverageList":[],"customEmbargoPeriod":{"embargoUnit":null,"embargoValue":0},"coverageStatement":null,"titleName":null}'
    headers:
      User-Agent:
      - Flexirest/1.5.5
      Connection:
      - Keep-Alive
      Accept:
      - application/json
      X-Api-Key:
      - TEST_API_KEY
      Content-Type:
      - application/json
      Accept-Encoding:
      - gzip;q=1.0,deflate;q=0.6,identity;q=0.3
  response:
    status:
      code: 204
      message: No Content
    headers:
      Content-Type:
      - application/json
      Content-Length:
      - '0'
      Connection:
      - keep-alive
      Date:
      - Thu, 12 Apr 2018 21:25:48 GMT
      X-Amzn-Requestid:
      - 1149cbc9-3e98-11e8-8bb0-ff81a8e19ed3
      X-Amzn-Remapped-Connection:
      - keep-alive
      X-Amz-Apigw-Id:
      - FP1CYEH9IAMFe5Q=
      X-Amzn-Remapped-Server:
      - Microsoft-IIS/8.5
      Cache-Control:
      - no-cache
      Expires:
      - "-1"
      X-Powered-By:
      - ASP.NET
      Pragma:
      - no-cache
      X-Amzn-Remapped-Date:
      - Thu, 12 Apr 2018 21:25:47 GMT
      X-Aspnet-Version:
      - 4.0.30319
      X-Cache:
      - Miss from cloudfront
      Via:
      - 1.1 92b4dc5b4118e1b45ef99665213c7c9a.cloudfront.net (CloudFront)
      X-Amz-Cf-Id:
      - WLcL-bTnWA2R1nIGXik_iks9lhe1cNFoARvTBRMylqatGj39ygpBKg==
    body:
      encoding: UTF-8
      string: ''
    http_version: 
  recorded_at: Thu, 12 Apr 2018 21:25:48 GMT
- request:
    method: get
    uri: https://api.ebsco.io/rm/rmaccounts/TEST_CUSTOMER_ID/vendors/123355/packages/2845510/titles/62477
    body:
      encoding: US-ASCII
      string: ''
    headers:
      User-Agent:
      - Flexirest/1.5.5
      Connection:
      - Keep-Alive
      Accept:
      - application/json
      X-Api-Key:
      - TEST_API_KEY
      Content-Type:
      - application/json
      Accept-Encoding:
      - gzip;q=1.0,deflate;q=0.6,identity;q=0.3
  response:
    status:
      code: 200
      message: OK
    headers:
      Content-Type:
      - application/json; charset=utf-8
      Content-Length:
      - '2079'
      Connection:
      - keep-alive
      Date:
      - Thu, 12 Apr 2018 21:25:48 GMT
      X-Amzn-Requestid:
      - 1194b79d-3e98-11e8-abac-dfa78b2c3be6
      X-Amzn-Remapped-Content-Length:
      - '2079'
      X-Amzn-Remapped-Connection:
      - keep-alive
      X-Amz-Apigw-Id:
      - FP1CdGIfIAMFW5Q=
      X-Amzn-Remapped-Server:
      - Microsoft-IIS/8.5
      Cache-Control:
      - no-cache
      Expires:
      - "-1"
      X-Powered-By:
      - ASP.NET
      Pragma:
      - no-cache
      X-Amzn-Remapped-Date:
      - Thu, 12 Apr 2018 21:25:47 GMT
      X-Aspnet-Version:
      - 4.0.30319
      X-Cache:
      - Miss from cloudfront
      Via:
      - 1.1 4a9f4aeaf8e0968a45a9154a0c9198bf.cloudfront.net (CloudFront)
      X-Amz-Cf-Id:
      - ZFVsSxG3-Z02vklxDMNyNmmVAFP7VJvAosMwT0ZKvL-DL2qKzNt3cA==
    body:
      encoding: UTF-8
      string: '{"titleId":62477,"titleName":"Science","publisherName":"American Association
        for the Advancement of Science","identifiersList":[{"id":"0036-8075","source":"ResourceIdentifier","subtype":1,"type":0},{"id":"01644869","source":"ResourceIdentifier","subtype":0,"type":2},{"id":"036991008","source":"ResourceIdentifier","subtype":0,"type":3},{"id":"101727","source":"ResourceIdentifier","subtype":0,"type":4},{"id":"1095-9203","source":"ResourceIdentifier","subtype":2,"type":0},{"id":"1496749","source":"ResourceIdentifier","subtype":0,"type":7},{"id":"62477","source":"AtoZ","subtype":0,"type":9},{"id":"803597004","source":"ResourceIdentifier","subtype":0,"type":3},{"id":"803597343","source":"ResourceIdentifier","subtype":0,"type":3},{"id":"803597355","source":"ResourceIdentifier","subtype":0,"type":3},{"id":"803916717","source":"ResourceIdentifier","subtype":0,"type":3},{"id":"804167179","source":"ResourceIdentifier","subtype":0,"type":3},{"id":"804240125","source":"ResourceIdentifier","subtype":0,"type":3},{"id":"SCI","source":"MFS","subtype":0,"type":8}],"subjectsList":[{"type":"TLI","subject":"Science
        (General)"}],"isTitleCustom":false,"pubType":"Journal","customerResourcesList":[{"titleId":62477,"packageId":2845510,"packageName":"\"Testing2\"","packageType":"Custom","proxy":{"id":"<n>","inherited":true},"isPackageCustom":true,"vendorId":123355,"vendorName":"API
        DEV CORPORATE CUSTOMER","locationId":0,"isSelected":true,"isTokenNeeded":false,"visibilityData":{"isHidden":true,"reason":"Hidden
        by Customer"},"managedCoverageList":[],"customCoverageList":[],"coverageStatement":null,"managedEmbargoPeriod":{"embargoUnit":null,"embargoValue":0},"customEmbargoPeriod":{"embargoUnit":null,"embargoValue":0},"url":null,"userDefinedField1":null,"userDefinedField2":null,"userDefinedField3":null,"userDefinedField4":null,"userDefinedField5":null}],"description":"Contains
        peer-reviewed articles, original research reports, a news section, editorials,
        letters, and book reviews on timely science-related topics.","edition":null,"isPeerReviewed":true,"contributorsList":[]}'
    http_version: 
  recorded_at: Thu, 12 Apr 2018 21:25:48 GMT
recorded_with: VCR 3.0.3
