---
http_interactions:
- request:
    method: get
    uri: https://okapi.frontside.io/configurations/entries?query=module=EKB
    body:
      encoding: US-ASCII
      string: ''
    headers:
      Content-Type:
      - application/json
      Accept:
      - application/json
      X-Okapi-Tenant:
      - fs
      X-Okapi-Token:
      - TEST_OKAPI_TOKEN
      Accept-Encoding:
      - gzip;q=1.0,deflate;q=0.6,identity;q=0.3
      User-Agent:
      - Ruby
  response:
    status:
      code: 200
      message: OK
    headers:
      Server:
      - nginx/1.13.5
      Date:
      - Wed, 12 Sep 2018 14:33:48 GMT
      Content-Type:
      - application/json
      Transfer-Encoding:
      - chunked
      Connection:
      - keep-alive
      X-Okapi-Trace:
      - 'GET mod-authtoken-1.5.2-SNAPSHOT.26 http://10.39.242.252:8081/configurations/entries..
        : 202 1141us'
      - 'GET mod-configuration-5.0.1-SNAPSHOT.45 http://10.39.249.105:8081/configurations/entries..
        : 200 47217us'
      Host:
      - okapi.frontside.io
      X-Real-Ip:
      - 10.128.0.3
      X-Forwarded-For:
      - 10.128.0.3
      X-Forwarded-Host:
      - okapi.frontside.io
      X-Forwarded-Port:
      - '443'
      X-Forwarded-Proto:
      - https
      X-Original-Uri:
      - "/configurations/entries?query=module=EKB"
      X-Scheme:
      - https
      X-Auth-Request-Redirect:
      - "/configurations/entries?query=module=EKB"
      Accept:
      - application/json
      X-Okapi-Tenant:
      - fs
      Accept-Encoding:
      - gzip;q=1.0,deflate;q=0.6,identity;q=0.3
      User-Agent:
      - Ruby
      X-Okapi-Request-Id:
      - 863166/configurations
      X-Okapi-Url:
      - http://10.39.245.41:80
      X-Okapi-Permissions:
      - '["configuration.entries.collection.get","configuration.entries.collection.get"]'
      X-Okapi-User-Id:
      - 1ad737b0-d847-11e6-bf26-cec0c932ce01
      X-Okapi-Token:
      - TEST_OKAPI_TOKEN
      Strict-Transport-Security:
      - max-age=15724800; includeSubDomains;
    body:
      encoding: ASCII-8BIT
      string: |-
        {
          "configs" : [ {
            "id" : "efadf3d8-59c3-4508-99d4-3e36e9247d87",
            "module" : "EKB",
            "configName" : "api_access",
            "code" : "kb.ebsco.url",
            "description" : "EBSCO RM-API URL",
            "enabled" : true,
            "value" : "https://api.ebsco.io",
            "metadata" : {
              "createdDate" : "2018-09-12T12:34:52.189+0000",
              "createdByUserId" : "1ad737b0-d847-11e6-bf26-cec0c932ce01",
              "updatedDate" : "2018-09-12T12:34:52.189+0000",
              "updatedByUserId" : "1ad737b0-d847-11e6-bf26-cec0c932ce01"
            }
          }, {
            "id" : "6b24b703-243a-4261-a7bf-0336d34f8c94",
            "module" : "EKB",
            "configName" : "api_access",
            "code" : "kb.ebsco.customerId",
            "description" : "EBSCO RM-API Customer ID",
            "enabled" : true,
            "value" : "TEST_CUSTOMER_ID",
            "metadata" : {
              "createdDate" : "2018-09-12T12:34:52.466+0000",
              "createdByUserId" : "1ad737b0-d847-11e6-bf26-cec0c932ce01",
              "updatedDate" : "2018-09-12T12:34:52.466+0000",
              "updatedByUserId" : "1ad737b0-d847-11e6-bf26-cec0c932ce01"
            }
          }, {
            "id" : "8038c4f3-0b09-4d97-be46-8a5236ef3f2f",
            "module" : "EKB",
            "configName" : "api_access",
            "code" : "kb.ebsco.apiKey",
            "description" : "EBSCO RM-API API Key",
            "enabled" : true,
            "value" : "TEST_API_KEY",
            "metadata" : {
              "createdDate" : "2018-09-12T12:34:52.788+0000",
              "createdByUserId" : "1ad737b0-d847-11e6-bf26-cec0c932ce01",
              "updatedDate" : "2018-09-12T12:34:52.788+0000",
              "updatedByUserId" : "1ad737b0-d847-11e6-bf26-cec0c932ce01"
            }
          } ],
          "totalRecords" : 3,
          "resultInfo" : {
            "totalRecords" : 3,
            "facets" : [ ]
          }
        }
    http_version: 
  recorded_at: Wed, 12 Sep 2018 14:33:48 GMT
- request:
    method: get
    uri: https://api.ebsco.io/rm/rmaccounts/TEST_CUSTOMER_ID/vendors/123355/packages/2845506
    body:
      encoding: UTF-8
      string: ''
    headers:
      X-Api-Key:
      - TEST_API_KEY
      Content-Type:
      - application/json
      Accept:
      - application/json
      Connection:
      - close
      Host:
      - api.ebsco.io
      User-Agent:
      - http.rb/3.3.0
  response:
    status:
      code: 200
      message: OK
    headers:
      Content-Type:
      - application/json;charset=UTF-8
      Content-Length:
      - '469'
      Connection:
      - close
      Date:
      - Wed, 12 Sep 2018 14:33:48 GMT
      X-Amzn-Requestid:
      - dc977e2b-b698-11e8-8a36-31e7f3491b94
      X-Amzn-Remapped-Connection:
      - keep-alive
      X-Amz-Apigw-Id:
      - NHKH_EFcIAMFjOg=
      X-Amzn-Remapped-Date:
      - Wed, 12 Sep 2018 14:33:48 GMT
      X-Cache:
      - Miss from cloudfront
      Via:
      - 1.1 91ccbcd6bac9f333587d2a41caeeb0c5.cloudfront.net (CloudFront)
      X-Amz-Cf-Id:
      - ln2tGxP8Awn3HpjVw1GsAOYm1Uac8pZ_nhipo_4Z6kRVYmZ90IfUnw==
    body:
      encoding: UTF-8
      string: '{"packageId":2845506,"packageName":"name of the ages forever and ever","isCustom":true,"vendorId":123355,"vendorName":"API
        DEV CORPORATE CUSTOMER","titleCount":0,"isSelected":true,"visibilityData":{"isHidden":false,"reason":""},"selectedCount":0,"isTokenNeeded":false,"contentType":"AggregatedFullText","customCoverage":{"beginCoverage":"","endCoverage":""},"proxy":{"id":"<n>","inherited":true},"allowEbscoToAddTitles":false,"packageToken":null,"packageType":"Custom"}'
    http_version: 
  recorded_at: Wed, 12 Sep 2018 14:33:48 GMT
- request:
    method: get
    uri: https://api.ebsco.io/rm/rmaccounts/TEST_CUSTOMER_ID/vendors/123355/packages/2845506
    body:
      encoding: UTF-8
      string: ''
    headers:
      X-Api-Key:
      - TEST_API_KEY
      Content-Type:
      - application/json
      Accept:
      - application/json
      Connection:
      - close
      Host:
      - api.ebsco.io
      User-Agent:
      - http.rb/3.3.0
  response:
    status:
      code: 200
      message: OK
    headers:
      Content-Type:
      - application/json;charset=UTF-8
      Content-Length:
      - '469'
      Connection:
      - close
      Date:
      - Wed, 12 Sep 2018 14:33:48 GMT
      X-Amzn-Requestid:
      - dcba2112-b698-11e8-a1ad-1b722b673755
      X-Amzn-Remapped-Connection:
      - keep-alive
      X-Amz-Apigw-Id:
      - NHKIBHo-IAMFeZQ=
      X-Amzn-Remapped-Date:
      - Wed, 12 Sep 2018 14:33:48 GMT
      X-Cache:
      - Miss from cloudfront
      Via:
      - 1.1 93e404430d11dacb3232bae72aaaee90.cloudfront.net (CloudFront)
      X-Amz-Cf-Id:
      - 5HLHJADJ08mZVI_Tts7lT4pVEp0trWsklv71y4lBVnrfiWW1hkQrHA==
    body:
      encoding: UTF-8
      string: '{"packageId":2845506,"packageName":"name of the ages forever and ever","isCustom":true,"vendorId":123355,"vendorName":"API
        DEV CORPORATE CUSTOMER","titleCount":0,"isSelected":true,"visibilityData":{"isHidden":false,"reason":""},"selectedCount":0,"isTokenNeeded":false,"contentType":"AggregatedFullText","customCoverage":{"beginCoverage":"","endCoverage":""},"proxy":{"id":"<n>","inherited":true},"allowEbscoToAddTitles":false,"packageToken":null,"packageType":"Custom"}'
    http_version: 
  recorded_at: Wed, 12 Sep 2018 14:33:49 GMT
- request:
    method: get
    uri: https://api.ebsco.io/rm/rmaccounts/TEST_CUSTOMER_ID/vendors/123355/packages/2845506
    body:
      encoding: UTF-8
      string: ''
    headers:
      X-Api-Key:
      - TEST_API_KEY
      Content-Type:
      - application/json
      Accept:
      - application/json
      Connection:
      - close
      Host:
      - api.ebsco.io
      User-Agent:
      - http.rb/3.3.0
  response:
    status:
      code: 200
      message: OK
    headers:
      Content-Type:
      - application/json;charset=UTF-8
      Content-Length:
      - '469'
      Connection:
      - close
      Date:
      - Wed, 12 Sep 2018 14:33:49 GMT
      X-Amzn-Requestid:
      - dcd8f3a6-b698-11e8-9b26-7751523f9b3d
      X-Amzn-Remapped-Connection:
      - keep-alive
      X-Amz-Apigw-Id:
      - NHKIDFvUIAMFn4A=
      X-Amzn-Remapped-Date:
      - Wed, 12 Sep 2018 14:33:49 GMT
      X-Cache:
      - Miss from cloudfront
      Via:
      - 1.1 e848f30e8d63b5f324e9295182b986ef.cloudfront.net (CloudFront)
      X-Amz-Cf-Id:
      - Fu-S5vIEFNwQRpT3q6trkdd1saa04sLPx3U8xSIe13ds7AQd3PN4sA==
    body:
      encoding: UTF-8
      string: '{"packageId":2845506,"packageName":"name of the ages forever and ever","isCustom":true,"vendorId":123355,"vendorName":"API
        DEV CORPORATE CUSTOMER","titleCount":0,"isSelected":true,"visibilityData":{"isHidden":false,"reason":""},"selectedCount":0,"isTokenNeeded":false,"contentType":"AggregatedFullText","customCoverage":{"beginCoverage":"","endCoverage":""},"proxy":{"id":"<n>","inherited":true},"allowEbscoToAddTitles":false,"packageToken":null,"packageType":"Custom"}'
    http_version: 
  recorded_at: Wed, 12 Sep 2018 14:33:49 GMT
- request:
    method: get
    uri: https://api.ebsco.io/rm/rmaccounts/TEST_CUSTOMER_ID/vendors/123355/packages/2845506
    body:
      encoding: UTF-8
      string: ''
    headers:
      X-Api-Key:
      - TEST_API_KEY
      Content-Type:
      - application/json
      Accept:
      - application/json
      Connection:
      - close
      Host:
      - api.ebsco.io
      User-Agent:
      - http.rb/3.3.0
  response:
    status:
      code: 200
      message: OK
    headers:
      Content-Type:
      - application/json;charset=UTF-8
      Content-Length:
      - '469'
      Connection:
      - close
      Date:
      - Wed, 12 Sep 2018 14:33:49 GMT
      X-Amzn-Requestid:
      - dcf8b135-b698-11e8-97d4-7b982058a34b
      X-Amzn-Remapped-Connection:
      - keep-alive
      X-Amz-Apigw-Id:
      - NHKIFFyLoAMF7Bw=
      X-Amzn-Remapped-Date:
      - Wed, 12 Sep 2018 14:33:49 GMT
      X-Cache:
      - Miss from cloudfront
      Via:
      - 1.1 73a52047a4b5d0888cd6da66a23c4762.cloudfront.net (CloudFront)
      X-Amz-Cf-Id:
      - 6xm-KF_rPIxJQk8ncFkZ0x46B6-jR6l2AOFM9P744HpwwM6oxiTBeg==
    body:
      encoding: UTF-8
      string: '{"packageId":2845506,"packageName":"name of the ages forever and ever","isCustom":true,"vendorId":123355,"vendorName":"API
        DEV CORPORATE CUSTOMER","titleCount":0,"isSelected":true,"visibilityData":{"isHidden":false,"reason":""},"selectedCount":0,"isTokenNeeded":false,"contentType":"AggregatedFullText","customCoverage":{"beginCoverage":"","endCoverage":""},"proxy":{"id":"<n>","inherited":true},"allowEbscoToAddTitles":false,"packageToken":null,"packageType":"Custom"}'
    http_version: 
  recorded_at: Wed, 12 Sep 2018 14:33:49 GMT
- request:
    method: get
    uri: https://api.ebsco.io/rm/rmaccounts/TEST_CUSTOMER_ID/vendors/123355/packages/2845506
    body:
      encoding: UTF-8
      string: ''
    headers:
      X-Api-Key:
      - TEST_API_KEY
      Content-Type:
      - application/json
      Accept:
      - application/json
      Connection:
      - close
      Host:
      - api.ebsco.io
      User-Agent:
      - http.rb/3.3.0
  response:
    status:
      code: 200
      message: OK
    headers:
      Content-Type:
      - application/json;charset=UTF-8
      Content-Length:
      - '469'
      Connection:
      - close
      Date:
      - Wed, 12 Sep 2018 14:33:49 GMT
      X-Amzn-Requestid:
      - dd18952a-b698-11e8-b6c0-abc6c05b5aee
      X-Amzn-Remapped-Connection:
      - keep-alive
      X-Amz-Apigw-Id:
      - NHKIHFB-oAMFfRA=
      X-Amzn-Remapped-Date:
      - Wed, 12 Sep 2018 14:33:49 GMT
      X-Cache:
      - Miss from cloudfront
      Via:
      - 1.1 7f23b91f6dbc2ee888cb465c633163d4.cloudfront.net (CloudFront)
      X-Amz-Cf-Id:
      - tkgFmgE7B9L0reGYZ5TxX7-YX9KxxBNSIf_a7AKMfUiRrERbbpRFrQ==
    body:
      encoding: UTF-8
      string: '{"packageId":2845506,"packageName":"name of the ages forever and ever","isCustom":true,"vendorId":123355,"vendorName":"API
        DEV CORPORATE CUSTOMER","titleCount":0,"isSelected":true,"visibilityData":{"isHidden":false,"reason":""},"selectedCount":0,"isTokenNeeded":false,"contentType":"AggregatedFullText","customCoverage":{"beginCoverage":"","endCoverage":""},"proxy":{"id":"<n>","inherited":true},"allowEbscoToAddTitles":false,"packageToken":null,"packageType":"Custom"}'
    http_version: 
  recorded_at: Wed, 12 Sep 2018 14:33:49 GMT
- request:
    method: put
    uri: https://api.ebsco.io/rm/rmaccounts/TEST_CUSTOMER_ID/vendors/123355/packages/2845506
    body:
      encoding: UTF-8
      string: '{"contentType":1,"isSelected":true,"allowEbscoToAddTitles":null,"packageToken":null,"isHidden":true,"packageName":"name
        of the ages forever and ever"}'
    headers:
      X-Api-Key:
      - TEST_API_KEY
      Content-Type:
      - application/json
      Accept:
      - application/json
      Connection:
      - close
      Host:
      - api.ebsco.io
      User-Agent:
      - http.rb/3.3.0
  response:
    status:
      code: 204
      message: No Content
    headers:
      Content-Type:
      - application/json
      Content-Length:
      - '0'
      Connection:
      - close
      Date:
      - Wed, 12 Sep 2018 14:33:49 GMT
      X-Amzn-Requestid:
      - dd37dcca-b698-11e8-8e3c-315c7f62d303
      X-Amzn-Remapped-Connection:
      - keep-alive
      X-Amz-Apigw-Id:
      - NHKIJEQnoAMF-BA=
      X-Amzn-Remapped-Date:
      - Wed, 12 Sep 2018 14:33:49 GMT
      X-Cache:
      - Miss from cloudfront
      Via:
      - 1.1 3182c21f2ee69ff40cfaf404637c649f.cloudfront.net (CloudFront)
      X-Amz-Cf-Id:
      - 2iNSq-deAOkreqB4sG7ILe5mweWydsoZKoz8y3MqN_MPKtYzgM9QiQ==
    body:
      encoding: ASCII-8BIT
      string: ''
    http_version: 
  recorded_at: Wed, 12 Sep 2018 14:33:49 GMT
- request:
    method: get
    uri: https://api.ebsco.io/rm/rmaccounts/TEST_CUSTOMER_ID/vendors/123355/packages/2845506
    body:
      encoding: UTF-8
      string: ''
    headers:
      X-Api-Key:
      - TEST_API_KEY
      Content-Type:
      - application/json
      Accept:
      - application/json
      Connection:
      - close
      Host:
      - api.ebsco.io
      User-Agent:
      - http.rb/3.3.0
  response:
    status:
      code: 200
      message: OK
    headers:
      Content-Type:
      - application/json;charset=UTF-8
      Content-Length:
      - '486'
      Connection:
      - close
      Date:
      - Wed, 12 Sep 2018 14:33:50 GMT
      X-Amzn-Requestid:
      - dd5ec63b-b698-11e8-9987-1f8627594dbc
      X-Amzn-Remapped-Connection:
      - keep-alive
      X-Amz-Apigw-Id:
      - NHKIMEcYIAMFi1w=
      X-Amzn-Remapped-Date:
      - Wed, 12 Sep 2018 14:33:49 GMT
      X-Cache:
      - Miss from cloudfront
      Via:
      - 1.1 91ccbcd6bac9f333587d2a41caeeb0c5.cloudfront.net (CloudFront)
      X-Amz-Cf-Id:
      - gfWLiH0DZnjvpeS47Ute9Gc2BW7fUj56tXk4C4HUQbXSwQGw42Z9Xw==
    body:
      encoding: UTF-8
      string: '{"packageId":2845506,"packageName":"name of the ages forever and ever","isCustom":true,"vendorId":123355,"vendorName":"API
        DEV CORPORATE CUSTOMER","titleCount":0,"isSelected":true,"visibilityData":{"isHidden":true,"reason":"Hidden
        by Customer"},"selectedCount":0,"isTokenNeeded":false,"contentType":"AggregatedFullText","customCoverage":{"beginCoverage":"","endCoverage":""},"proxy":{"id":"<n>","inherited":true},"allowEbscoToAddTitles":false,"packageToken":null,"packageType":"Custom"}'
    http_version: 
  recorded_at: Wed, 12 Sep 2018 14:33:50 GMT
recorded_with: VCR 3.0.3
