---
http_interactions:
- request:
    method: get
    uri: https://okapi.frontside.io/configurations/entries?query=module=KB_EBSCO
    body:
      encoding: US-ASCII
      string: ''
    headers:
      Content-Type:
      - application/json
      Accept:
      - application/json
      X-Okapi-Tenant:
      - fs
      X-Okapi-Token:
      - TEST_OKAPI_TOKEN
      Accept-Encoding:
      - gzip;q=1.0,deflate;q=0.6,identity;q=0.3
      User-Agent:
      - Ruby
  response:
    status:
      code: 200
      message: OK
    headers:
      Server:
      - nginx/1.13.5
      Date:
      - Mon, 23 Apr 2018 19:54:44 GMT
      Content-Type:
      - application/json
      Transfer-Encoding:
      - chunked
      Connection:
      - keep-alive
      X-Okapi-Trace:
      - 'GET mod-authtoken-1.4.1-SNAPSHOT.20 http://10.39.249.72:8081/configurations/entries..
        : 202 357279us'
      - 'GET mod-configuration-4.0.3-SNAPSHOT.29 http://10.39.252.104:8081/configurations/entries..
        : 200 51033us'
      Host:
      - okapi.frontside.io
      X-Real-Ip:
      - 10.36.4.1
      X-Forwarded-For:
      - 10.36.4.1
      X-Forwarded-Host:
      - okapi.frontside.io
      X-Forwarded-Port:
      - '443'
      X-Forwarded-Proto:
      - https
      X-Original-Uri:
      - "/configurations/entries?query=module=KB_EBSCO"
      X-Scheme:
      - https
      X-Auth-Request-Redirect:
      - "/configurations/entries?query=module=KB_EBSCO"
      Accept:
      - application/json
      X-Okapi-Tenant:
      - fs
      Accept-Encoding:
      - gzip;q=1.0,deflate;q=0.6,identity;q=0.3
      User-Agent:
      - Ruby
      X-Okapi-Request-Id:
      - 419501/configurations
      X-Okapi-Url:
      - http://10.39.243.220:80
      X-Okapi-Permissions-Required:
      - configuration.entries.collection.get
      X-Okapi-Module-Permissions:
      - '{"mod-authtoken-1.4.1-SNAPSHOT.20":["perms.users.get"]}'
      X-Okapi-Permissions:
      - '["configuration.entries.collection.get"]'
      X-Okapi-User-Id:
      - 1ad737b0-d847-11e6-bf26-cec0c932ce01
      X-Okapi-Token:
      - TEST_OKAPI_TOKEN
      Strict-Transport-Security:
      - max-age=15724800; includeSubDomains;
    body:
      encoding: ASCII-8BIT
      string: |-
        {
          "configs" : [ {
            "id" : "9f193b46-4cc5-4c99-b09f-374fe5415673",
            "module" : "KB_EBSCO",
            "configName" : "api_credentials",
            "code" : "kb.ebsco.credentials",
            "description" : "EBSCO RM-API Credentials",
            "enabled" : true,
            "value" : "customer-id=TEST_CUSTOMER_ID&api-key=TEST_API_KEY",
            "metadata" : {
              "createdDate" : "2018-03-28T14:49:56.794+0000",
              "createdByUserId" : "1ad737b0-d847-11e6-bf26-cec0c932ce01",
              "updatedDate" : "2018-03-28T14:49:56.794+0000",
              "updatedByUserId" : "1ad737b0-d847-11e6-bf26-cec0c932ce01"
            }
          } ],
          "totalRecords" : 1,
          "resultInfo" : {
            "totalRecords" : 1,
            "facets" : [ ]
          }
        }
    http_version: 
  recorded_at: Mon, 23 Apr 2018 19:54:44 GMT
- request:
    method: get
    uri: https://api.ebsco.io/rm/rmaccounts/TEST_CUSTOMER_ID/vendors/123355/packages/2739728/titles/17053010
    body:
      encoding: US-ASCII
      string: ''
    headers:
      User-Agent:
      - Flexirest/1.5.5
      Connection:
      - Keep-Alive
      Accept:
      - application/json
      X-Api-Key:
      - TEST_API_KEY
      Content-Type:
      - application/json
      Accept-Encoding:
      - gzip;q=1.0,deflate;q=0.6,identity;q=0.3
  response:
    status:
      code: 200
      message: OK
    headers:
      Content-Type:
      - application/json; charset=utf-8
      Content-Length:
      - '1078'
      Connection:
      - keep-alive
      Date:
      - Mon, 23 Apr 2018 19:54:45 GMT
      X-Amzn-Requestid:
      - 2b7b8e51-4730-11e8-94c2-89da6928a7db
      X-Amzn-Remapped-Content-Length:
      - '1078'
      X-Amzn-Remapped-Connection:
      - keep-alive
      X-Amz-Apigw-Id:
      - Fz4AwG8FIAMFfdg=
      X-Amzn-Remapped-Server:
      - Microsoft-IIS/8.5
      Cache-Control:
      - no-cache
      Expires:
      - "-1"
      X-Powered-By:
      - ASP.NET
      Pragma:
      - no-cache
      X-Amzn-Remapped-Date:
      - Mon, 23 Apr 2018 19:54:45 GMT
      X-Aspnet-Version:
      - 4.0.30319
      X-Cache:
      - Miss from cloudfront
      Via:
      - 1.1 8a1bcca0fe247aaeeb568c933bd30ad4.cloudfront.net (CloudFront)
      X-Amz-Cf-Id:
      - PZMP-RCNVkAVTw7Stgru3kjSrrftLXN5kkIsUPF5x1UkT8l38sCmCA==
    body:
      encoding: UTF-8
      string: '{"titleId":17053010,"titleName":"This is the best title ever","publisherName":"Frontside
        Newspapers","identifiersList":[],"subjectsList":[],"isTitleCustom":true,"pubType":"Newspaper","customerResourcesList":[{"titleId":17053010,"packageId":2739728,"packageName":"testing
        ","packageType":"Custom","proxy":{"id":"<n>","inherited":true},"isPackageCustom":true,"vendorId":123355,"vendorName":"API
        DEV CORPORATE CUSTOMER","locationId":38204653,"isSelected":true,"isTokenNeeded":false,"visibilityData":{"isHidden":true,"reason":"Hidden
        by Customer"},"managedCoverageList":[],"customCoverageList":[{"beginCoverage":"2003-01-01","endCoverage":"2004-01-01"}],"coverageStatement":"There
        are many years.","managedEmbargoPeriod":{"embargoUnit":null,"embargoValue":0},"customEmbargoPeriod":{"embargoUnit":"Weeks","embargoValue":6},"url":"https://frontside.io","userDefinedField1":null,"userDefinedField2":null,"userDefinedField3":null,"userDefinedField4":null,"userDefinedField5":null}],"description":"Something
        something something","edition":"5","isPeerReviewed":true,"contributorsList":[]}'
    http_version: 
  recorded_at: Mon, 23 Apr 2018 19:54:44 GMT
- request:
    method: put
    uri: https://api.ebsco.io/rm/rmaccounts/TEST_CUSTOMER_ID/vendors/123355/packages/2739728/titles/17053010
    body:
      encoding: UTF-8
      string: '{"isSelected":true,"isHidden":true,"customCoverageList":[{"beginCoverage":"2003-01-01","endCoverage":"2004-01-01"}],"contributorsList":[{"type":"Editor","contributor":"Lang
        Z"},{"type":"Illustrator","contributor":"last first"}],"customEmbargoPeriod":{"embargoUnit":"Weeks","embargoValue":6},"coverageStatement":"There
        are many years.","titleName":"This is the best title ever","pubType":"newspaper","isPeerReviewed":true,"publisherName":"Frontside
        Newspapers","edition":"5","description":"Something something something","url":"https://frontside.io"}'
    headers:
      User-Agent:
      - Flexirest/1.5.5
      Connection:
      - Keep-Alive
      Accept:
      - application/json
      X-Api-Key:
      - TEST_API_KEY
      Content-Type:
      - application/json
      Accept-Encoding:
      - gzip;q=1.0,deflate;q=0.6,identity;q=0.3
  response:
    status:
      code: 204
      message: No Content
    headers:
      Content-Type:
      - application/json
      Content-Length:
      - '0'
      Connection:
      - keep-alive
      Date:
      - Mon, 23 Apr 2018 19:54:45 GMT
      X-Amzn-Requestid:
      - 2baf4830-4730-11e8-8f07-2b222fd2e9d5
      X-Amzn-Remapped-Connection:
      - keep-alive
      X-Amz-Apigw-Id:
      - Fz4AzFEuIAMFm5g=
      X-Amzn-Remapped-Server:
      - Microsoft-IIS/8.5
      Cache-Control:
      - no-cache
      Expires:
      - "-1"
      X-Powered-By:
      - ASP.NET
      Pragma:
      - no-cache
      X-Amzn-Remapped-Date:
      - Mon, 23 Apr 2018 19:54:45 GMT
      X-Aspnet-Version:
      - 4.0.30319
      X-Cache:
      - Miss from cloudfront
      Via:
      - 1.1 d56db0d65906a3edce526dc6600d65c6.cloudfront.net (CloudFront)
      X-Amz-Cf-Id:
      - 47psrcXuOPAgZbhR3Uxm29J1Arsu2HPIIHOp3w8mb2Tzr421gpB0EA==
    body:
      encoding: UTF-8
      string: ''
    http_version: 
  recorded_at: Mon, 23 Apr 2018 19:54:45 GMT
- request:
    method: get
    uri: https://api.ebsco.io/rm/rmaccounts/TEST_CUSTOMER_ID/vendors/123355/packages/2739728/titles/17053010
    body:
      encoding: US-ASCII
      string: ''
    headers:
      User-Agent:
      - Flexirest/1.5.5
      Connection:
      - Keep-Alive
      Accept:
      - application/json
      X-Api-Key:
      - TEST_API_KEY
      Content-Type:
      - application/json
      Accept-Encoding:
      - gzip;q=1.0,deflate;q=0.6,identity;q=0.3
  response:
    status:
      code: 200
      message: OK
    headers:
      Content-Type:
      - application/json; charset=utf-8
      Content-Length:
      - '1168'
      Connection:
      - keep-alive
      Date:
      - Mon, 23 Apr 2018 19:54:45 GMT
      X-Amzn-Requestid:
      - 2bd2fd3a-4730-11e8-b9ad-15e605d6be25
      X-Amzn-Remapped-Content-Length:
      - '1168'
      X-Amzn-Remapped-Connection:
      - keep-alive
      X-Amz-Apigw-Id:
      - Fz4A2GKsIAMF8og=
      X-Amzn-Remapped-Server:
      - Microsoft-IIS/8.5
      Cache-Control:
      - no-cache
      Expires:
      - "-1"
      X-Powered-By:
      - ASP.NET
      Pragma:
      - no-cache
      X-Amzn-Remapped-Date:
      - Mon, 23 Apr 2018 19:54:45 GMT
      X-Aspnet-Version:
      - 4.0.30319
      X-Cache:
      - Miss from cloudfront
      Via:
      - 1.1 3ca41706981cad42d8ecaabd29f88efa.cloudfront.net (CloudFront)
      X-Amz-Cf-Id:
      - kyAOGMlM-7PcHdQviJQnhwNZiuwZU9s2Md9c_-I-WK0tSiW2rFgu4A==
    body:
      encoding: UTF-8
      string: '{"titleId":17053010,"titleName":"This is the best title ever","publisherName":"Frontside
        Newspapers","identifiersList":[],"subjectsList":[],"isTitleCustom":true,"pubType":"Newspaper","customerResourcesList":[{"titleId":17053010,"packageId":2739728,"packageName":"testing
        ","packageType":"Custom","proxy":{"id":"<n>","inherited":true},"isPackageCustom":true,"vendorId":123355,"vendorName":"API
        DEV CORPORATE CUSTOMER","locationId":38204653,"isSelected":true,"isTokenNeeded":false,"visibilityData":{"isHidden":true,"reason":"Hidden
        by Customer"},"managedCoverageList":[],"customCoverageList":[{"beginCoverage":"2003-01-01","endCoverage":"2004-01-01"}],"coverageStatement":"There
        are many years.","managedEmbargoPeriod":{"embargoUnit":null,"embargoValue":0},"customEmbargoPeriod":{"embargoUnit":"Weeks","embargoValue":6},"url":"https://frontside.io","userDefinedField1":null,"userDefinedField2":null,"userDefinedField3":null,"userDefinedField4":null,"userDefinedField5":null}],"description":"Something
        something something","edition":"5","isPeerReviewed":true,"contributorsList":[{"type":"editor","contributor":"Lang
        Z"},{"type":"illustrator","contributor":"last first"}]}'
    http_version: 
  recorded_at: Mon, 23 Apr 2018 19:54:45 GMT
recorded_with: VCR 3.0.3
