---
http_interactions:
- request:
    method: get
    uri: https://okapi.frontside.io/configurations/entries?query=module=EKB
    body:
      encoding: US-ASCII
      string: ''
    headers:
      Content-Type:
      - application/json
      Accept:
      - application/json
      X-Okapi-Tenant:
      - fs
      X-Okapi-Token:
      - TEST_OKAPI_TOKEN
      Accept-Encoding:
      - gzip;q=1.0,deflate;q=0.6,identity;q=0.3
      User-Agent:
      - Ruby
  response:
    status:
      code: 200
      message: OK
    headers:
      Server:
      - nginx/1.13.5
      Date:
      - Tue, 11 Sep 2018 19:23:33 GMT
      Content-Type:
      - application/json
      Transfer-Encoding:
      - chunked
      Connection:
      - keep-alive
      X-Okapi-Trace:
      - 'GET mod-authtoken-1.5.2-SNAPSHOT.26 http://10.39.242.252:8081/configurations/entries..
        : 202 300602us'
      - 'GET mod-configuration-5.0.1-SNAPSHOT.45 http://10.39.249.105:8081/configurations/entries..
        : 200 45152us'
      Host:
      - okapi.frontside.io
      X-Real-Ip:
      - 10.128.0.4
      X-Forwarded-For:
      - 10.128.0.4
      X-Forwarded-Host:
      - okapi.frontside.io
      X-Forwarded-Port:
      - '443'
      X-Forwarded-Proto:
      - https
      X-Original-Uri:
      - "/configurations/entries?query=module=EKB"
      X-Scheme:
      - https
      X-Auth-Request-Redirect:
      - "/configurations/entries?query=module=EKB"
      Accept:
      - application/json
      X-Okapi-Tenant:
      - fs
      Accept-Encoding:
      - gzip;q=1.0,deflate;q=0.6,identity;q=0.3
      User-Agent:
      - Ruby
      X-Okapi-Request-Id:
      - 507574/configurations
      X-Okapi-Url:
      - http://10.39.245.41:80
      X-Okapi-Permissions:
      - '["configuration.entries.collection.get","configuration.entries.collection.get"]'
      X-Okapi-User-Id:
      - 1ad737b0-d847-11e6-bf26-cec0c932ce01
      X-Okapi-Token:
      - TEST_OKAPI_TOKEN
      Strict-Transport-Security:
      - max-age=15724800; includeSubDomains;
    body:
      encoding: ASCII-8BIT
      string: |-
        {
          "configs" : [ {
            "id" : "d35d1d52-ca4b-48ab-afe2-27a1e9adaa97",
            "module" : "EKB",
            "configName" : "api_access",
            "code" : "kb.ebsco.url",
            "description" : "EBSCO RM-API URL",
            "enabled" : true,
            "value" : "TEST_RMAPI_URL",
            "metadata" : {
              "createdDate" : "2018-09-11T18:53:43.223+0000",
              "createdByUserId" : "1ad737b0-d847-11e6-bf26-cec0c932ce01",
              "updatedDate" : "2018-09-11T18:53:43.223+0000",
              "updatedByUserId" : "1ad737b0-d847-11e6-bf26-cec0c932ce01"
            }
          }, {
            "id" : "ad544220-967b-4b91-8c19-d0de6c3c2761",
            "module" : "EKB",
            "configName" : "api_access",
            "code" : "kb.ebsco.customerId",
            "description" : "EBSCO RM-API Customer ID",
            "enabled" : true,
            "value" : "TEST_CUSTOMER_ID",
            "metadata" : {
              "createdDate" : "2018-09-11T18:53:43.428+0000",
              "createdByUserId" : "1ad737b0-d847-11e6-bf26-cec0c932ce01",
              "updatedDate" : "2018-09-11T18:53:43.428+0000",
              "updatedByUserId" : "1ad737b0-d847-11e6-bf26-cec0c932ce01"
            }
          }, {
            "id" : "8a15438f-ec4f-4e67-8b28-498acb259e3b",
            "module" : "EKB",
            "configName" : "api_access",
            "code" : "kb.ebsco.apiKey",
            "description" : "EBSCO RM-API API Key",
            "enabled" : true,
            "value" : "TEST_API_KEY",
            "metadata" : {
              "createdDate" : "2018-09-11T18:53:43.624+0000",
              "createdByUserId" : "1ad737b0-d847-11e6-bf26-cec0c932ce01",
              "updatedDate" : "2018-09-11T18:53:43.624+0000",
              "updatedByUserId" : "1ad737b0-d847-11e6-bf26-cec0c932ce01"
            }
          } ],
          "totalRecords" : 3,
          "resultInfo" : {
            "totalRecords" : 3,
            "facets" : [ ]
          }
        }
    http_version: 
  recorded_at: Tue, 11 Sep 2018 19:23:33 GMT
- request:
    method: get
    uri: TEST_RMAPI_URL/rm/rmaccounts/TEST_CUSTOMER_ID/vendors/123355/packages/2843714/titles/17059805
    body:
      encoding: US-ASCII
      string: ''
    headers:
      User-Agent:
      - Flexirest/1.7.0
      Connection:
      - Keep-Alive
      Accept:
      - application/json
      X-Api-Key:
      - TEST_API_KEY
      Content-Type:
      - application/json
      Accept-Encoding:
      - gzip;q=1.0,deflate;q=0.6,identity;q=0.3
  response:
    status:
      code: 200
      message: OK
    headers:
      Content-Type:
      - application/json; charset=utf-8
      Content-Length:
      - '1252'
      Connection:
      - keep-alive
      Date:
      - Tue, 11 Sep 2018 19:23:33 GMT
      X-Amzn-Requestid:
      - 2c620c9d-b5f8-11e8-a58b-c3f62a075b47
      X-Amzn-Remapped-Content-Length:
      - '1252'
      X-Amzn-Remapped-Connection:
      - keep-alive
      X-Amz-Apigw-Id:
      - NEhoXFTxoAMF0dQ=
      X-Amzn-Remapped-Server:
      - Microsoft-IIS/8.5
      Cache-Control:
      - no-cache
      Expires:
      - "-1"
      X-Powered-By:
      - ASP.NET
      Pragma:
      - no-cache
      X-Amzn-Remapped-Date:
      - Tue, 11 Sep 2018 19:23:33 GMT
      X-Aspnet-Version:
      - 4.0.30319
      X-Cache:
      - Miss from cloudfront
      Via:
      - 1.1 55157b979573d984aaf7e9e716d67a4a.cloudfront.net (CloudFront)
      X-Amz-Cf-Id:
      - 57ivmUNRu-rwDzyo0ORq8TuPjCTySYd8AVAuD7IMuDTPwB7vs_p1ng==
    body:
      encoding: UTF-8
      string: '{"titleId":17059805,"titleName":"New Custom Title Testing Valid Identifier
        SubTypes","publisherName":"test publisher","identifiersList":[{"id":"12345","source":"ResourceIdentifier","subtype":1,"type":0},{"id":"12345","source":"ResourceIdentifier","subtype":2,"type":1}],"subjectsList":[],"isTitleCustom":true,"pubType":"Book","customerResourcesList":[{"titleId":17059805,"packageId":2843714,"packageName":"SD''s
        test package in TEST_CUSTOMER_ID","packageType":"Custom","proxy":{"id":"TestingFolio","inherited":true},"isPackageCustom":true,"vendorId":123355,"vendorName":"API
        DEV CORPORATE CUSTOMER","locationId":41321345,"isSelected":true,"isTokenNeeded":false,"visibilityData":{"isHidden":true,"reason":"Hidden
        by Customer"},"managedCoverageList":[],"customCoverageList":[{"beginCoverage":"2003-01-01","endCoverage":"2003-12-12"}],"coverageStatement":"We
        have so much coverage.","managedEmbargoPeriod":{"embargoUnit":null,"embargoValue":0},"customEmbargoPeriod":{"embargoUnit":null,"embargoValue":0},"url":"http://url
        ","userDefinedField1":null,"userDefinedField2":null,"userDefinedField3":null,"userDefinedField4":null,"userDefinedField5":null}],"description":"Test
        Description again to test again","edition":"23","isPeerReviewed":true,"contributorsList":[]}'
    http_version: 
  recorded_at: Tue, 11 Sep 2018 19:23:33 GMT
- request:
    method: put
    uri: TEST_RMAPI_URL/rm/rmaccounts/TEST_CUSTOMER_ID/vendors/123355/packages/2843714/titles/17059805
    body:
      encoding: UTF-8
      string: '{"isSelected":true,"isHidden":true,"customCoverageList":[{"beginCoverage":"2003-01-01","endCoverage":"2003-12-12"}],"contributorsList":null,"identifiersList":null,"customEmbargoPeriod":{"embargoUnit":null,"embargoValue":0},"coverageStatement":"We
        have so much coverage.","titleName":"I have a great new title name","pubType":"Book","isPeerReviewed":true,"publisherName":"test
        publisher","edition":"23","description":"Test Description again to test again","url":"http://url
        ","proxy":{"id":"TestingFolio","inherited":false}}'
    headers:
      User-Agent:
      - Flexirest/1.7.0
      Connection:
      - Keep-Alive
      Accept:
      - application/json
      X-Api-Key:
      - TEST_API_KEY
      Content-Type:
      - application/json
      Accept-Encoding:
      - gzip;q=1.0,deflate;q=0.6,identity;q=0.3
  response:
    status:
      code: 204
      message: No Content
    headers:
      Content-Type:
      - application/json
      Content-Length:
      - '0'
      Connection:
      - keep-alive
      Date:
      - Tue, 11 Sep 2018 19:23:34 GMT
      X-Amzn-Requestid:
      - 2c848818-b5f8-11e8-8a75-f980421f9401
      X-Amzn-Remapped-Connection:
      - keep-alive
      X-Amz-Apigw-Id:
      - NEhoaEECoAMFaEg=
      X-Amzn-Remapped-Server:
      - Microsoft-IIS/8.5
      Cache-Control:
      - no-cache
      Expires:
      - "-1"
      X-Powered-By:
      - ASP.NET
      Pragma:
      - no-cache
      X-Amzn-Remapped-Date:
      - Tue, 11 Sep 2018 19:23:33 GMT
      X-Aspnet-Version:
      - 4.0.30319
      X-Cache:
      - Miss from cloudfront
      Via:
      - 1.1 2f7eec78b53c7625bd656dcd08ed1823.cloudfront.net (CloudFront)
      X-Amz-Cf-Id:
      - P2jihlFKkw9HkYKSG_PUxUTCrATBZ2XXrf8nrs5hnG5LDcly1nFLAg==
    body:
      encoding: UTF-8
      string: ''
    http_version: 
  recorded_at: Tue, 11 Sep 2018 19:23:34 GMT
- request:
    method: get
    uri: TEST_RMAPI_URL/rm/rmaccounts/TEST_CUSTOMER_ID/vendors/123355/packages/2843714/titles/17059805
    body:
      encoding: US-ASCII
      string: ''
    headers:
      User-Agent:
      - Flexirest/1.7.0
      Connection:
      - Keep-Alive
      Accept:
      - application/json
      X-Api-Key:
      - TEST_API_KEY
      Content-Type:
      - application/json
      Accept-Encoding:
      - gzip;q=1.0,deflate;q=0.6,identity;q=0.3
  response:
    status:
      code: 200
      message: OK
    headers:
      Content-Type:
      - application/json; charset=utf-8
      Content-Length:
      - '1100'
      Connection:
      - keep-alive
      Date:
      - Tue, 11 Sep 2018 19:23:34 GMT
      X-Amzn-Requestid:
      - 2cbcd65b-b5f8-11e8-bec0-edd9bf8cb597
      X-Amzn-Remapped-Content-Length:
      - '1100'
      X-Amzn-Remapped-Connection:
      - keep-alive
      X-Amz-Apigw-Id:
      - NEhodH3IoAMFuTw=
      X-Amzn-Remapped-Server:
      - Microsoft-IIS/8.5
      Cache-Control:
      - no-cache
      Expires:
      - "-1"
      X-Powered-By:
      - ASP.NET
      Pragma:
      - no-cache
      X-Amzn-Remapped-Date:
      - Tue, 11 Sep 2018 19:23:33 GMT
      X-Aspnet-Version:
      - 4.0.30319
      X-Cache:
      - Miss from cloudfront
      Via:
      - 1.1 a170a9e8f9393700a8de4715a0943846.cloudfront.net (CloudFront)
      X-Amz-Cf-Id:
      - HTdGD8VlQukR0jUlLcb7my8STsBDwZhGr7M8x2_pHLoMQNSwKFd3Ng==
    body:
      encoding: UTF-8
      string: '{"titleId":17059805,"titleName":"I have a great new title name","publisherName":"test
        publisher","identifiersList":[],"subjectsList":[],"isTitleCustom":true,"pubType":"Book","customerResourcesList":[{"titleId":17059805,"packageId":2843714,"packageName":"SD''s
        test package in TEST_CUSTOMER_ID","packageType":"Custom","proxy":{"id":"TestingFolio","inherited":true},"isPackageCustom":true,"vendorId":123355,"vendorName":"API
        DEV CORPORATE CUSTOMER","locationId":41321345,"isSelected":true,"isTokenNeeded":false,"visibilityData":{"isHidden":true,"reason":"Hidden
        by Customer"},"managedCoverageList":[],"customCoverageList":[{"beginCoverage":"2003-01-01","endCoverage":"2003-12-12"}],"coverageStatement":"We
        have so much coverage.","managedEmbargoPeriod":{"embargoUnit":null,"embargoValue":0},"customEmbargoPeriod":{"embargoUnit":null,"embargoValue":0},"url":"http://url
        ","userDefinedField1":null,"userDefinedField2":null,"userDefinedField3":null,"userDefinedField4":null,"userDefinedField5":null}],"description":"Test
        Description again to test again","edition":"23","isPeerReviewed":true,"contributorsList":[]}'
    http_version: 
  recorded_at: Tue, 11 Sep 2018 19:23:34 GMT
recorded_with: VCR 3.0.3
