---
http_interactions:
- request:
    method: get
    uri: https://okapi.frontside.io/configurations/entries?query=module=EKB
    body:
      encoding: US-ASCII
      string: ''
    headers:
      Content-Type:
      - application/json
      Accept:
      - application/json
      X-Okapi-Tenant:
      - fs
      X-Okapi-Token:
      - TEST_OKAPI_TOKEN
      Accept-Encoding:
      - gzip;q=1.0,deflate;q=0.6,identity;q=0.3
      User-Agent:
      - Ruby
  response:
    status:
      code: 200
      message: OK
    headers:
      Server:
      - nginx/1.13.5
      Date:
      - Wed, 12 Sep 2018 14:33:38 GMT
      Content-Type:
      - application/json
      Transfer-Encoding:
      - chunked
      Connection:
      - keep-alive
      X-Okapi-Trace:
      - 'GET mod-authtoken-1.5.2-SNAPSHOT.26 http://10.39.242.252:8081/configurations/entries..
        : 202 2050us'
      - 'GET mod-configuration-5.0.1-SNAPSHOT.45 http://10.39.249.105:8081/configurations/entries..
        : 200 45837us'
      Host:
      - okapi.frontside.io
      X-Real-Ip:
      - 10.128.0.3
      X-Forwarded-For:
      - 10.128.0.3
      X-Forwarded-Host:
      - okapi.frontside.io
      X-Forwarded-Port:
      - '443'
      X-Forwarded-Proto:
      - https
      X-Original-Uri:
      - "/configurations/entries?query=module=EKB"
      X-Scheme:
      - https
      X-Auth-Request-Redirect:
      - "/configurations/entries?query=module=EKB"
      Accept:
      - application/json
      X-Okapi-Tenant:
      - fs
      Accept-Encoding:
      - gzip;q=1.0,deflate;q=0.6,identity;q=0.3
      User-Agent:
      - Ruby
      X-Okapi-Request-Id:
      - 889585/configurations
      X-Okapi-Url:
      - http://10.39.245.41:80
      X-Okapi-Permissions:
      - '["configuration.entries.collection.get","configuration.entries.collection.get"]'
      X-Okapi-User-Id:
      - 1ad737b0-d847-11e6-bf26-cec0c932ce01
      X-Okapi-Token:
      - TEST_OKAPI_TOKEN
      Strict-Transport-Security:
      - max-age=15724800; includeSubDomains;
    body:
      encoding: ASCII-8BIT
      string: |-
        {
          "configs" : [ {
            "id" : "efadf3d8-59c3-4508-99d4-3e36e9247d87",
            "module" : "EKB",
            "configName" : "api_access",
            "code" : "kb.ebsco.url",
            "description" : "EBSCO RM-API URL",
            "enabled" : true,
            "value" : "https://api.ebsco.io",
            "metadata" : {
              "createdDate" : "2018-09-12T12:34:52.189+0000",
              "createdByUserId" : "1ad737b0-d847-11e6-bf26-cec0c932ce01",
              "updatedDate" : "2018-09-12T12:34:52.189+0000",
              "updatedByUserId" : "1ad737b0-d847-11e6-bf26-cec0c932ce01"
            }
          }, {
            "id" : "6b24b703-243a-4261-a7bf-0336d34f8c94",
            "module" : "EKB",
            "configName" : "api_access",
            "code" : "kb.ebsco.customerId",
            "description" : "EBSCO RM-API Customer ID",
            "enabled" : true,
            "value" : "TEST_CUSTOMER_ID",
            "metadata" : {
              "createdDate" : "2018-09-12T12:34:52.466+0000",
              "createdByUserId" : "1ad737b0-d847-11e6-bf26-cec0c932ce01",
              "updatedDate" : "2018-09-12T12:34:52.466+0000",
              "updatedByUserId" : "1ad737b0-d847-11e6-bf26-cec0c932ce01"
            }
          }, {
            "id" : "8038c4f3-0b09-4d97-be46-8a5236ef3f2f",
            "module" : "EKB",
            "configName" : "api_access",
            "code" : "kb.ebsco.apiKey",
            "description" : "EBSCO RM-API API Key",
            "enabled" : true,
            "value" : "TEST_API_KEY",
            "metadata" : {
              "createdDate" : "2018-09-12T12:34:52.788+0000",
              "createdByUserId" : "1ad737b0-d847-11e6-bf26-cec0c932ce01",
              "updatedDate" : "2018-09-12T12:34:52.788+0000",
              "updatedByUserId" : "1ad737b0-d847-11e6-bf26-cec0c932ce01"
            }
          } ],
          "totalRecords" : 3,
          "resultInfo" : {
            "totalRecords" : 3,
            "facets" : [ ]
          }
        }
    http_version: 
  recorded_at: Wed, 12 Sep 2018 14:33:38 GMT
- request:
    method: get
    uri: https://api.ebsco.io/rm/rmaccounts/TEST_CUSTOMER_ID/vendors/123355/packages/2845506
    body:
      encoding: UTF-8
      string: ''
    headers:
      X-Api-Key:
      - TEST_API_KEY
      Content-Type:
      - application/json
      Accept:
      - application/json
      Connection:
      - close
      Host:
      - api.ebsco.io
      User-Agent:
      - http.rb/3.3.0
  response:
    status:
      code: 200
      message: OK
    headers:
      Content-Type:
      - application/json;charset=UTF-8
      Content-Length:
      - '469'
      Connection:
      - close
      Date:
      - Wed, 12 Sep 2018 14:33:38 GMT
      X-Amzn-Requestid:
      - d668b351-b698-11e8-8f86-e946f3ed78e8
      X-Amzn-Remapped-Connection:
      - keep-alive
      X-Amz-Apigw-Id:
      - NHKGXH_oIAMFw5w=
      X-Amzn-Remapped-Date:
      - Wed, 12 Sep 2018 14:33:38 GMT
      X-Cache:
      - Miss from cloudfront
      Via:
      - 1.1 8afd14030d0efa39cea23517afb3058c.cloudfront.net (CloudFront)
      X-Amz-Cf-Id:
      - 7N-WPxCSzdhHBzUNMxPFhfEg_ZvS1o0pfPW0PWMYFybQ-5BN3XTF7g==
    body:
      encoding: UTF-8
      string: '{"packageId":2845506,"packageName":"name of the ages forever and ever","isCustom":true,"vendorId":123355,"vendorName":"API
        DEV CORPORATE CUSTOMER","titleCount":0,"isSelected":true,"visibilityData":{"isHidden":false,"reason":""},"selectedCount":0,"isTokenNeeded":false,"contentType":"AggregatedFullText","customCoverage":{"beginCoverage":"","endCoverage":""},"proxy":{"id":"<n>","inherited":true},"allowEbscoToAddTitles":false,"packageToken":null,"packageType":"Custom"}'
    http_version: 
  recorded_at: Wed, 12 Sep 2018 14:33:38 GMT
- request:
    method: get
    uri: https://api.ebsco.io/rm/rmaccounts/TEST_CUSTOMER_ID/vendors/123355/packages/2845506
    body:
      encoding: UTF-8
      string: ''
    headers:
      X-Api-Key:
      - TEST_API_KEY
      Content-Type:
      - application/json
      Accept:
      - application/json
      Connection:
      - close
      Host:
      - api.ebsco.io
      User-Agent:
      - http.rb/3.3.0
  response:
    status:
      code: 200
      message: OK
    headers:
      Content-Type:
      - application/json;charset=UTF-8
      Content-Length:
      - '469'
      Connection:
      - close
      Date:
      - Wed, 12 Sep 2018 14:33:38 GMT
      X-Amzn-Requestid:
      - d68d51c1-b698-11e8-8a18-bfedd02cb2fb
      X-Amzn-Remapped-Connection:
      - keep-alive
      X-Amz-Apigw-Id:
      - NHKGZGoHIAMFoZg=
      X-Amzn-Remapped-Date:
      - Wed, 12 Sep 2018 14:33:38 GMT
      X-Cache:
      - Miss from cloudfront
      Via:
      - 1.1 b5434ae2f27f51f7ce619d0889d77d8d.cloudfront.net (CloudFront)
      X-Amz-Cf-Id:
      - tuFnOJP_fAzjhgnhpCyxXWtW-5dkXJRkE9Q8F1PdJyrE9y0PkWtiAA==
    body:
      encoding: UTF-8
      string: '{"packageId":2845506,"packageName":"name of the ages forever and ever","isCustom":true,"vendorId":123355,"vendorName":"API
        DEV CORPORATE CUSTOMER","titleCount":0,"isSelected":true,"visibilityData":{"isHidden":false,"reason":""},"selectedCount":0,"isTokenNeeded":false,"contentType":"AggregatedFullText","customCoverage":{"beginCoverage":"","endCoverage":""},"proxy":{"id":"<n>","inherited":true},"allowEbscoToAddTitles":false,"packageToken":null,"packageType":"Custom"}'
    http_version: 
  recorded_at: Wed, 12 Sep 2018 14:33:38 GMT
- request:
    method: get
    uri: https://api.ebsco.io/rm/rmaccounts/TEST_CUSTOMER_ID/vendors/123355/packages/2845506
    body:
      encoding: UTF-8
      string: ''
    headers:
      X-Api-Key:
      - TEST_API_KEY
      Content-Type:
      - application/json
      Accept:
      - application/json
      Connection:
      - close
      Host:
      - api.ebsco.io
      User-Agent:
      - http.rb/3.3.0
  response:
    status:
      code: 200
      message: OK
    headers:
      Content-Type:
      - application/json;charset=UTF-8
      Content-Length:
      - '469'
      Connection:
      - close
      Date:
      - Wed, 12 Sep 2018 14:33:38 GMT
      X-Amzn-Requestid:
      - d6aa9d8e-b698-11e8-901a-1f8f570079aa
      X-Amzn-Remapped-Connection:
      - keep-alive
      X-Amz-Apigw-Id:
      - NHKGbH8WIAMFiLQ=
      X-Amzn-Remapped-Date:
      - Wed, 12 Sep 2018 14:33:38 GMT
      X-Cache:
      - Miss from cloudfront
      Via:
      - 1.1 4a9cf7d692d7309a16ebde15ef85ff54.cloudfront.net (CloudFront)
      X-Amz-Cf-Id:
      - z4j1I8hDHa9gVXFwA7_OtQRT9VCfjmL4yjZG_4qST7CA-loIbWsU1w==
    body:
      encoding: UTF-8
      string: '{"packageId":2845506,"packageName":"name of the ages forever and ever","isCustom":true,"vendorId":123355,"vendorName":"API
        DEV CORPORATE CUSTOMER","titleCount":0,"isSelected":true,"visibilityData":{"isHidden":false,"reason":""},"selectedCount":0,"isTokenNeeded":false,"contentType":"AggregatedFullText","customCoverage":{"beginCoverage":"","endCoverage":""},"proxy":{"id":"<n>","inherited":true},"allowEbscoToAddTitles":false,"packageToken":null,"packageType":"Custom"}'
    http_version: 
  recorded_at: Wed, 12 Sep 2018 14:33:38 GMT
- request:
    method: get
    uri: https://api.ebsco.io/rm/rmaccounts/TEST_CUSTOMER_ID/vendors/123355/packages/2845506
    body:
      encoding: UTF-8
      string: ''
    headers:
      X-Api-Key:
      - TEST_API_KEY
      Content-Type:
      - application/json
      Accept:
      - application/json
      Connection:
      - close
      Host:
      - api.ebsco.io
      User-Agent:
      - http.rb/3.3.0
  response:
    status:
      code: 200
      message: OK
    headers:
      Content-Type:
      - application/json;charset=UTF-8
      Content-Length:
      - '469'
      Connection:
      - close
      Date:
      - Wed, 12 Sep 2018 14:33:39 GMT
      X-Amzn-Requestid:
      - d6cad08c-b698-11e8-9f2e-9d6e91a54f1d
      X-Amzn-Remapped-Connection:
      - keep-alive
      X-Amz-Apigw-Id:
      - NHKGdHflIAMFW-w=
      X-Amzn-Remapped-Date:
      - Wed, 12 Sep 2018 14:33:38 GMT
      X-Cache:
      - Miss from cloudfront
      Via:
      - 1.1 8b80cfad007948900303ef793b88e687.cloudfront.net (CloudFront)
      X-Amz-Cf-Id:
      - g5kTaUbxM4WKDQO1JABp2UfaeneCcD8kIaaLDFOcjIBsoIN11CYn-Q==
    body:
      encoding: UTF-8
      string: '{"packageId":2845506,"packageName":"name of the ages forever and ever","isCustom":true,"vendorId":123355,"vendorName":"API
        DEV CORPORATE CUSTOMER","titleCount":0,"isSelected":true,"visibilityData":{"isHidden":false,"reason":""},"selectedCount":0,"isTokenNeeded":false,"contentType":"AggregatedFullText","customCoverage":{"beginCoverage":"","endCoverage":""},"proxy":{"id":"<n>","inherited":true},"allowEbscoToAddTitles":false,"packageToken":null,"packageType":"Custom"}'
    http_version: 
  recorded_at: Wed, 12 Sep 2018 14:33:39 GMT
- request:
    method: get
    uri: https://api.ebsco.io/rm/rmaccounts/TEST_CUSTOMER_ID/vendors/123355/packages/2845506
    body:
      encoding: UTF-8
      string: ''
    headers:
      X-Api-Key:
      - TEST_API_KEY
      Content-Type:
      - application/json
      Accept:
      - application/json
      Connection:
      - close
      Host:
      - api.ebsco.io
      User-Agent:
      - http.rb/3.3.0
  response:
    status:
      code: 200
      message: OK
    headers:
      Content-Type:
      - application/json;charset=UTF-8
      Content-Length:
      - '469'
      Connection:
      - close
      Date:
      - Wed, 12 Sep 2018 14:33:39 GMT
      X-Amzn-Requestid:
      - d6eb50d1-b698-11e8-a141-e9dff97895e7
      X-Amzn-Remapped-Connection:
      - keep-alive
      X-Amz-Apigw-Id:
      - NHKGfE05IAMF81Q=
      X-Amzn-Remapped-Date:
      - Wed, 12 Sep 2018 14:33:38 GMT
      X-Cache:
      - Miss from cloudfront
      Via:
      - 1.1 a7dda29620c2fec27c03f7bf6c406fc0.cloudfront.net (CloudFront)
      X-Amz-Cf-Id:
      - unxeLz88F1DKPDNYKd2PTrUrVaSS74KGLsCSBW1HO6uHoY8XGrUe3g==
    body:
      encoding: UTF-8
      string: '{"packageId":2845506,"packageName":"name of the ages forever and ever","isCustom":true,"vendorId":123355,"vendorName":"API
        DEV CORPORATE CUSTOMER","titleCount":0,"isSelected":true,"visibilityData":{"isHidden":false,"reason":""},"selectedCount":0,"isTokenNeeded":false,"contentType":"AggregatedFullText","customCoverage":{"beginCoverage":"","endCoverage":""},"proxy":{"id":"<n>","inherited":true},"allowEbscoToAddTitles":false,"packageToken":null,"packageType":"Custom"}'
    http_version: 
  recorded_at: Wed, 12 Sep 2018 14:33:39 GMT
- request:
    method: put
    uri: https://api.ebsco.io/rm/rmaccounts/TEST_CUSTOMER_ID/vendors/123355/packages/2845506
    body:
      encoding: UTF-8
      string: '{"contentType":1,"isSelected":true,"customCoverage":{"beginCoverage":"2003-01-01","endCoverage":"2004-01-01"},"allowEbscoToAddTitles":null,"packageToken":null,"isHidden":null,"packageName":"name
        of the ages forever and ever"}'
    headers:
      X-Api-Key:
      - TEST_API_KEY
      Content-Type:
      - application/json
      Accept:
      - application/json
      Connection:
      - close
      Host:
      - api.ebsco.io
      User-Agent:
      - http.rb/3.3.0
  response:
    status:
      code: 204
      message: No Content
    headers:
      Content-Type:
      - application/json
      Content-Length:
      - '0'
      Connection:
      - close
      Date:
      - Wed, 12 Sep 2018 14:33:39 GMT
      X-Amzn-Requestid:
      - d70b0dc1-b698-11e8-82c5-d1969d286299
      X-Amzn-Remapped-Connection:
      - keep-alive
      X-Amz-Apigw-Id:
      - NHKGhEWCIAMFsaA=
      X-Amzn-Remapped-Date:
      - Wed, 12 Sep 2018 14:33:39 GMT
      X-Cache:
      - Miss from cloudfront
      Via:
      - 1.1 53639ba6f1000a6a161851e05908fd9b.cloudfront.net (CloudFront)
      X-Amz-Cf-Id:
      - BSD1cM-6Z_WIPM9AEMLerXjumWdgWLDKlZL2L3DRPQPBev2VHVwYeQ==
    body:
      encoding: ASCII-8BIT
      string: ''
    http_version: 
  recorded_at: Wed, 12 Sep 2018 14:33:39 GMT
- request:
    method: get
    uri: https://api.ebsco.io/rm/rmaccounts/TEST_CUSTOMER_ID/vendors/123355/packages/2845506
    body:
      encoding: UTF-8
      string: ''
    headers:
      X-Api-Key:
      - TEST_API_KEY
      Content-Type:
      - application/json
      Accept:
      - application/json
      Connection:
      - close
      Host:
      - api.ebsco.io
      User-Agent:
      - http.rb/3.3.0
  response:
    status:
      code: 200
      message: OK
    headers:
      Content-Type:
      - application/json;charset=UTF-8
      Content-Length:
      - '489'
      Connection:
      - close
      Date:
      - Wed, 12 Sep 2018 14:33:39 GMT
      X-Amzn-Requestid:
      - d7569554-b698-11e8-be94-bb1215095ab9
      X-Amzn-Remapped-Connection:
      - keep-alive
      X-Amz-Apigw-Id:
      - NHKGmHo8oAMFmAg=
      X-Amzn-Remapped-Date:
      - Wed, 12 Sep 2018 14:33:39 GMT
      X-Cache:
      - Miss from cloudfront
      Via:
      - 1.1 707d06343c7b07a529839efb71fdb71b.cloudfront.net (CloudFront)
      X-Amz-Cf-Id:
      - oK1NJbYwXVc8whrh0wWR3I1zcr_qRMCjNxFzaJkyHgOy46Yt-zMV7A==
    body:
      encoding: UTF-8
      string: '{"packageId":2845506,"packageName":"name of the ages forever and ever","isCustom":true,"vendorId":123355,"vendorName":"API
        DEV CORPORATE CUSTOMER","titleCount":0,"isSelected":true,"visibilityData":{"isHidden":false,"reason":""},"selectedCount":0,"isTokenNeeded":false,"contentType":"AggregatedFullText","customCoverage":{"beginCoverage":"2003-01-01","endCoverage":"2004-01-01"},"proxy":{"id":"<n>","inherited":true},"allowEbscoToAddTitles":false,"packageToken":null,"packageType":"Custom"}'
    http_version: 
  recorded_at: Wed, 12 Sep 2018 14:33:39 GMT
recorded_with: VCR 3.0.3
