---
http_interactions:
- request:
    method: get
    uri: https://api.ebsco.io/rm/rmaccounts/TEST_CUSTOMER_ID/packages?contenttype=all&count=25&offset=1&orderby=packagename&search=&selection=all
    body:
      encoding: UTF-8
      string: ''
    headers:
      X-Api-Key:
      - TEST_API_KEY
      Content-Type:
      - application/json
      Accept:
      - application/json
      Connection:
      - close
      Host:
      - api.ebsco.io
      User-Agent:
      - http.rb/3.3.0
  response:
    status:
      code: 200
      message: OK
    headers:
      Content-Type:
      - application/json;charset=UTF-8
      Content-Length:
      - '8582'
      Connection:
      - close
      Date:
      - Fri, 04 May 2018 02:41:50 GMT
      X-Amzn-Requestid:
      - b2427428-4f44-11e8-ab4b-4554eb2e5cc1
      X-Amzn-Remapped-Connection:
      - keep-alive
      X-Amz-Apigw-Id:
      - GVxBNHzYoAMFn2w=
      X-Amzn-Remapped-Date:
      - Fri, 04 May 2018 02:41:49 GMT
      X-Cache:
      - Miss from cloudfront
      Via:
      - 1.1 b7c3cbb5c341d39495b423af981f2a5d.cloudfront.net (CloudFront)
      X-Amz-Cf-Id:
      - IJLUvwvgGCSVCYvGAhnWGDpNcquu9iOUAlytsntdts-XK29DPun4iA==
    body:
      encoding: UTF-8
      string: '{"totalResults":10001,"packagesList":[{"packageId":1117849,"packageName":"","isCustom":false,"vendorId":0,"vendorName":"System
        Account","titleCount":0,"isSelected":false,"visibilityData":{"isHidden":false,"reason":""},"selectedCount":0,"isTokenNeeded":false,"contentType":"Unknown","customCoverage":{"beginCoverage":"","endCoverage":""},"packageType":"Complete"},{"packageId":2458571,"packageName":"","isCustom":false,"vendorId":0,"vendorName":"System
        Account","titleCount":0,"isSelected":false,"visibilityData":{"isHidden":false,"reason":""},"selectedCount":0,"isTokenNeeded":false,"contentType":"Unknown","customCoverage":{"beginCoverage":"","endCoverage":""},"packageType":"Complete"},{"packageId":2468599,"packageName":"","isCustom":false,"vendorId":0,"vendorName":"System
        Account","titleCount":0,"isSelected":false,"visibilityData":{"isHidden":false,"reason":""},"selectedCount":0,"isTokenNeeded":false,"contentType":"Unknown","customCoverage":{"beginCoverage":"","endCoverage":""},"packageType":"Complete"},{"packageId":2645683,"packageName":"","isCustom":false,"vendorId":0,"vendorName":"System
        Account","titleCount":0,"isSelected":false,"visibilityData":{"isHidden":false,"reason":""},"selectedCount":0,"isTokenNeeded":false,"contentType":"Unknown","customCoverage":{"beginCoverage":"","endCoverage":""},"packageType":"Complete"},{"packageId":2673856,"packageName":"","isCustom":false,"vendorId":0,"vendorName":"System
        Account","titleCount":0,"isSelected":false,"visibilityData":{"isHidden":false,"reason":""},"selectedCount":0,"isTokenNeeded":false,"contentType":"Unknown","customCoverage":{"beginCoverage":"","endCoverage":""},"packageType":"Complete"},{"packageId":2789001,"packageName":"","isCustom":false,"vendorId":0,"vendorName":"System
        Account","titleCount":0,"isSelected":false,"visibilityData":{"isHidden":false,"reason":""},"selectedCount":0,"isTokenNeeded":false,"contentType":"Unknown","customCoverage":{"beginCoverage":"","endCoverage":""},"packageType":"Complete"},{"packageId":2842396,"packageName":"","isCustom":false,"vendorId":0,"vendorName":"System
        Account","titleCount":0,"isSelected":false,"visibilityData":{"isHidden":false,"reason":""},"selectedCount":0,"isTokenNeeded":false,"contentType":"Unknown","customCoverage":{"beginCoverage":"","endCoverage":""},"packageType":"Complete"},{"packageId":2842397,"packageName":"","isCustom":false,"vendorId":0,"vendorName":"System
        Account","titleCount":0,"isSelected":false,"visibilityData":{"isHidden":false,"reason":""},"selectedCount":0,"isTokenNeeded":false,"contentType":"Unknown","customCoverage":{"beginCoverage":"","endCoverage":""},"packageType":"Complete"},{"packageId":2842398,"packageName":"","isCustom":false,"vendorId":0,"vendorName":"System
        Account","titleCount":0,"isSelected":false,"visibilityData":{"isHidden":false,"reason":""},"selectedCount":0,"isTokenNeeded":false,"contentType":"Unknown","customCoverage":{"beginCoverage":"","endCoverage":""},"packageType":"Complete"},{"packageId":2842399,"packageName":"","isCustom":false,"vendorId":0,"vendorName":"System
        Account","titleCount":0,"isSelected":false,"visibilityData":{"isHidden":false,"reason":""},"selectedCount":0,"isTokenNeeded":false,"contentType":"Unknown","customCoverage":{"beginCoverage":"","endCoverage":""},"packageType":"Complete"},{"packageId":2842400,"packageName":"","isCustom":false,"vendorId":0,"vendorName":"System
        Account","titleCount":0,"isSelected":false,"visibilityData":{"isHidden":false,"reason":""},"selectedCount":0,"isTokenNeeded":false,"contentType":"Unknown","customCoverage":{"beginCoverage":"","endCoverage":""},"packageType":"Complete"},{"packageId":2842401,"packageName":"","isCustom":false,"vendorId":0,"vendorName":"System
        Account","titleCount":0,"isSelected":false,"visibilityData":{"isHidden":false,"reason":""},"selectedCount":0,"isTokenNeeded":false,"contentType":"Unknown","customCoverage":{"beginCoverage":"","endCoverage":""},"packageType":"Complete"},{"packageId":2842402,"packageName":"","isCustom":false,"vendorId":0,"vendorName":"System
        Account","titleCount":1,"isSelected":false,"visibilityData":{"isHidden":false,"reason":""},"selectedCount":0,"isTokenNeeded":false,"contentType":"Unknown","customCoverage":{"beginCoverage":"","endCoverage":""},"packageType":"Complete"},{"packageId":2842403,"packageName":"","isCustom":false,"vendorId":0,"vendorName":"System
        Account","titleCount":6,"isSelected":false,"visibilityData":{"isHidden":false,"reason":""},"selectedCount":0,"isTokenNeeded":false,"contentType":"Unknown","customCoverage":{"beginCoverage":"","endCoverage":""},"packageType":"Complete"},{"packageId":2845504,"packageName":"\"HAHAHA\"","isCustom":true,"vendorId":123355,"vendorName":"API
        DEV CORPORATE CUSTOMER","titleCount":8,"isSelected":true,"visibilityData":{"isHidden":false,"reason":""},"selectedCount":8,"isTokenNeeded":false,"contentType":"OnlineReference","customCoverage":{"beginCoverage":"","endCoverage":""},"packageType":"Custom"},{"packageId":2845510,"packageName":"\"Testing2\"","isCustom":true,"vendorId":123355,"vendorName":"API
        DEV CORPORATE CUSTOMER","titleCount":1,"isSelected":true,"visibilityData":{"isHidden":false,"reason":""},"selectedCount":1,"isTokenNeeded":false,"contentType":"EBook","customCoverage":{"beginCoverage":"","endCoverage":""},"packageType":"Custom"},{"packageId":2846022,"packageName":"\"Testing4\"","isCustom":true,"vendorId":123355,"vendorName":"API
        DEV CORPORATE CUSTOMER","titleCount":0,"isSelected":true,"visibilityData":{"isHidden":true,"reason":"Hidden
        by Customer"},"selectedCount":0,"isTokenNeeded":false,"contentType":"EBook","customCoverage":{"beginCoverage":"2018-04-02","endCoverage":"2018-04-23"},"packageType":"Custom"},{"packageId":22551,"packageName":"123Library
        eBooks","isCustom":false,"vendorId":58251,"vendorName":"123Library","titleCount":157503,"isSelected":false,"visibilityData":{"isHidden":false,"reason":""},"selectedCount":0,"isTokenNeeded":false,"contentType":"EBook","customCoverage":{"beginCoverage":"","endCoverage":""},"packageType":"Variable"},{"packageId":2481,"packageName":"17th
        and 18th Century Burney Collection Newspapers","isCustom":false,"vendorId":18,"vendorName":"Gale
        | Cengage","titleCount":1270,"isSelected":true,"visibilityData":{"isHidden":false,"reason":""},"selectedCount":1,"isTokenNeeded":false,"contentType":"AggregatedFullText","customCoverage":{"beginCoverage":"","endCoverage":""},"packageType":"Complete"},{"packageId":5154,"packageName":"19th
        Century Literature and Culture","isCustom":false,"vendorId":435,"vendorName":"University
        of Virginia Press","titleCount":7,"isSelected":false,"visibilityData":{"isHidden":false,"reason":""},"selectedCount":0,"isTokenNeeded":false,"contentType":"EBook","customCoverage":{"beginCoverage":"","endCoverage":""},"packageType":"Variable"},{"packageId":5926,"packageName":"19th
        Century Masterfile","isCustom":false,"vendorId":659,"vendorName":"Paratext
        LLC","titleCount":1,"isSelected":false,"visibilityData":{"isHidden":false,"reason":""},"selectedCount":0,"isTokenNeeded":false,"contentType":"OnlineReference","customCoverage":{"beginCoverage":"","endCoverage":""},"packageType":"Complete"},{"packageId":1792,"packageName":"19th
        Century U.S. Newspapers","isCustom":false,"vendorId":18,"vendorName":"Gale
        | Cengage","titleCount":865,"isSelected":false,"visibilityData":{"isHidden":false,"reason":""},"selectedCount":0,"isTokenNeeded":false,"contentType":"AggregatedFullText","customCoverage":{"beginCoverage":"","endCoverage":""},"packageType":"Complete"},{"packageId":3734,"packageName":"19th
        Century UK Periodicals: Empire","isCustom":false,"vendorId":18,"vendorName":"Gale
        | Cengage","titleCount":86,"isSelected":true,"visibilityData":{"isHidden":false,"reason":""},"selectedCount":86,"isTokenNeeded":false,"contentType":"AggregatedFullText","customCoverage":{"beginCoverage":"","endCoverage":""},"packageType":"Complete"},{"packageId":3733,"packageName":"19th
        Century UK Periodicals: New Readership","isCustom":false,"vendorId":18,"vendorName":"Gale
        | Cengage","titleCount":90,"isSelected":true,"visibilityData":{"isHidden":false,"reason":""},"selectedCount":90,"isTokenNeeded":false,"contentType":"AggregatedFullText","customCoverage":{"beginCoverage":"","endCoverage":""},"packageType":"Complete"},{"packageId":2848860,"packageName":"1Findr","isCustom":false,"vendorId":123517,"vendorName":"1science","titleCount":1,"isSelected":false,"visibilityData":{"isHidden":false,"reason":""},"selectedCount":0,"isTokenNeeded":false,"contentType":"AbstractAndIndex","customCoverage":{"beginCoverage":"","endCoverage":""},"packageType":"Complete"}]}'
    http_version: 
  recorded_at: Fri, 04 May 2018 02:41:50 GMT
- request:
    method: get
    uri: https://okapi.frontside.io/configurations/entries?query=module=KB_EBSCO
    body:
      encoding: US-ASCII
      string: ''
    headers:
      Content-Type:
      - application/json
      Accept:
      - application/json
      X-Okapi-Tenant:
      - fs
      X-Okapi-Token:
      - TEST_OKAPI_TOKEN
      Accept-Encoding:
      - gzip;q=1.0,deflate;q=0.6,identity;q=0.3
      User-Agent:
      - Ruby
  response:
    status:
      code: 200
      message: OK
    headers:
      Server:
      - nginx/1.13.5
      Date:
      - Mon, 07 May 2018 08:41:37 GMT
      Content-Type:
      - application/json
      Transfer-Encoding:
      - chunked
      Connection:
      - keep-alive
      X-Okapi-Trace:
      - 'GET mod-authtoken-1.4.1-SNAPSHOT.20 http://10.39.249.72:8081/configurations/entries..
        : 202 359230us'
      - 'GET mod-configuration-4.0.3-SNAPSHOT.29 http://10.39.252.104:8081/configurations/entries..
        : 200 41598us'
      Host:
      - okapi.frontside.io
      X-Real-Ip:
      - 10.128.0.4
      X-Forwarded-For:
      - 10.128.0.4
      X-Forwarded-Host:
      - okapi.frontside.io
      X-Forwarded-Port:
      - '443'
      X-Forwarded-Proto:
      - https
      X-Original-Uri:
      - "/configurations/entries?query=module=KB_EBSCO"
      X-Scheme:
      - https
      X-Auth-Request-Redirect:
      - "/configurations/entries?query=module=KB_EBSCO"
      Accept:
      - application/json
      X-Okapi-Tenant:
      - fs
      Accept-Encoding:
      - gzip;q=1.0,deflate;q=0.6,identity;q=0.3
      User-Agent:
      - Ruby
      X-Okapi-Request-Id:
      - 378682/configurations
      X-Okapi-Url:
      - http://10.39.243.220:80
      X-Okapi-Permissions-Required:
      - configuration.entries.collection.get
      X-Okapi-Module-Permissions:
      - '{"mod-authtoken-1.4.1-SNAPSHOT.20":["perms.users.get"]}'
      X-Okapi-Permissions:
      - '["configuration.entries.collection.get"]'
      X-Okapi-User-Id:
      - 1ad737b0-d847-11e6-bf26-cec0c932ce01
      X-Okapi-Token:
      - TEST_OKAPI_TOKEN
      Strict-Transport-Security:
      - max-age=15724800; includeSubDomains;
    body:
      encoding: ASCII-8BIT
      string: |-
        {
          "configs" : [ {
            "id" : "9f193b46-4cc5-4c99-b09f-374fe5415673",
            "module" : "KB_EBSCO",
            "configName" : "api_credentials",
            "code" : "kb.ebsco.credentials",
            "description" : "EBSCO RM-API Credentials",
            "enabled" : true,
            "value" : "customer-id=TEST_CUSTOMER_ID&api-key=TEST_API_KEY",
            "metadata" : {
              "createdDate" : "2018-03-28T14:49:56.794+0000",
              "createdByUserId" : "1ad737b0-d847-11e6-bf26-cec0c932ce01",
              "updatedDate" : "2018-03-28T14:49:56.794+0000",
              "updatedByUserId" : "1ad737b0-d847-11e6-bf26-cec0c932ce01"
            }
          } ],
          "totalRecords" : 1,
          "resultInfo" : {
            "totalRecords" : 1,
            "facets" : [ ]
          }
        }
    http_version: 
  recorded_at: Mon, 07 May 2018 08:41:37 GMT
- request:
    method: get
    uri: https://api.ebsco.io/rm/rmaccounts/TEST_CUSTOMER_ID/packages?contenttype=all&count=25&offset=1&orderby=packagename&search&selection=all
    body:
      encoding: UTF-8
      string: ''
    headers:
      X-Api-Key:
      - TEST_API_KEY
      Content-Type:
      - application/json
      Accept:
      - application/json
      Connection:
      - close
      Host:
      - api.ebsco.io
      User-Agent:
      - http.rb/3.3.0
  response:
    status:
      code: 200
      message: OK
    headers:
      Content-Type:
      - application/json;charset=UTF-8
      Content-Length:
      - '8578'
      Connection:
      - close
      Date:
      - Mon, 07 May 2018 08:41:37 GMT
      X-Amzn-Requestid:
      - 74b10495-51d2-11e8-97bb-05b1c30c7ec4
      X-Amzn-Remapped-Connection:
      - keep-alive
      X-Amz-Apigw-Id:
      - GgeiRFPvIAMF2rw=
      X-Amzn-Remapped-Date:
      - Mon, 07 May 2018 08:41:37 GMT
      X-Cache:
      - Miss from cloudfront
      Via:
      - 1.1 caeaab1dec28e8247466740025a521a6.cloudfront.net (CloudFront)
      X-Amz-Cf-Id:
      - AVKr-HRwSt3LA0VmVLk2ydYTGfjvdep7h_HBvjFhx2x1z6ThcIKKDA==
    body:
      encoding: UTF-8
      string: '{"totalResults":10001,"packagesList":[{"packageId":1117849,"packageName":"","isCustom":false,"vendorId":0,"vendorName":"System
        Account","titleCount":0,"isSelected":false,"visibilityData":{"isHidden":false,"reason":""},"selectedCount":0,"isTokenNeeded":false,"contentType":"Unknown","customCoverage":{"beginCoverage":"","endCoverage":""},"packageType":"Complete"},{"packageId":2458571,"packageName":"","isCustom":false,"vendorId":0,"vendorName":"System
        Account","titleCount":0,"isSelected":false,"visibilityData":{"isHidden":false,"reason":""},"selectedCount":0,"isTokenNeeded":false,"contentType":"Unknown","customCoverage":{"beginCoverage":"","endCoverage":""},"packageType":"Complete"},{"packageId":2468599,"packageName":"","isCustom":false,"vendorId":0,"vendorName":"System
        Account","titleCount":0,"isSelected":false,"visibilityData":{"isHidden":false,"reason":""},"selectedCount":0,"isTokenNeeded":false,"contentType":"Unknown","customCoverage":{"beginCoverage":"","endCoverage":""},"packageType":"Complete"},{"packageId":2645683,"packageName":"","isCustom":false,"vendorId":0,"vendorName":"System
        Account","titleCount":0,"isSelected":false,"visibilityData":{"isHidden":false,"reason":""},"selectedCount":0,"isTokenNeeded":false,"contentType":"Unknown","customCoverage":{"beginCoverage":"","endCoverage":""},"packageType":"Complete"},{"packageId":2673856,"packageName":"","isCustom":false,"vendorId":0,"vendorName":"System
        Account","titleCount":0,"isSelected":false,"visibilityData":{"isHidden":false,"reason":""},"selectedCount":0,"isTokenNeeded":false,"contentType":"Unknown","customCoverage":{"beginCoverage":"","endCoverage":""},"packageType":"Complete"},{"packageId":2789001,"packageName":"","isCustom":false,"vendorId":0,"vendorName":"System
        Account","titleCount":0,"isSelected":false,"visibilityData":{"isHidden":false,"reason":""},"selectedCount":0,"isTokenNeeded":false,"contentType":"Unknown","customCoverage":{"beginCoverage":"","endCoverage":""},"packageType":"Complete"},{"packageId":2842396,"packageName":"","isCustom":false,"vendorId":0,"vendorName":"System
        Account","titleCount":0,"isSelected":false,"visibilityData":{"isHidden":false,"reason":""},"selectedCount":0,"isTokenNeeded":false,"contentType":"Unknown","customCoverage":{"beginCoverage":"","endCoverage":""},"packageType":"Complete"},{"packageId":2842397,"packageName":"","isCustom":false,"vendorId":0,"vendorName":"System
        Account","titleCount":0,"isSelected":false,"visibilityData":{"isHidden":false,"reason":""},"selectedCount":0,"isTokenNeeded":false,"contentType":"Unknown","customCoverage":{"beginCoverage":"","endCoverage":""},"packageType":"Complete"},{"packageId":2842398,"packageName":"","isCustom":false,"vendorId":0,"vendorName":"System
        Account","titleCount":0,"isSelected":false,"visibilityData":{"isHidden":false,"reason":""},"selectedCount":0,"isTokenNeeded":false,"contentType":"Unknown","customCoverage":{"beginCoverage":"","endCoverage":""},"packageType":"Complete"},{"packageId":2842399,"packageName":"","isCustom":false,"vendorId":0,"vendorName":"System
        Account","titleCount":0,"isSelected":false,"visibilityData":{"isHidden":false,"reason":""},"selectedCount":0,"isTokenNeeded":false,"contentType":"Unknown","customCoverage":{"beginCoverage":"","endCoverage":""},"packageType":"Complete"},{"packageId":2842400,"packageName":"","isCustom":false,"vendorId":0,"vendorName":"System
        Account","titleCount":0,"isSelected":false,"visibilityData":{"isHidden":false,"reason":""},"selectedCount":0,"isTokenNeeded":false,"contentType":"Unknown","customCoverage":{"beginCoverage":"","endCoverage":""},"packageType":"Complete"},{"packageId":2842401,"packageName":"","isCustom":false,"vendorId":0,"vendorName":"System
        Account","titleCount":0,"isSelected":false,"visibilityData":{"isHidden":false,"reason":""},"selectedCount":0,"isTokenNeeded":false,"contentType":"Unknown","customCoverage":{"beginCoverage":"","endCoverage":""},"packageType":"Complete"},{"packageId":2842402,"packageName":"","isCustom":false,"vendorId":0,"vendorName":"System
        Account","titleCount":1,"isSelected":false,"visibilityData":{"isHidden":false,"reason":""},"selectedCount":0,"isTokenNeeded":false,"contentType":"Unknown","customCoverage":{"beginCoverage":"","endCoverage":""},"packageType":"Complete"},{"packageId":2842403,"packageName":"","isCustom":false,"vendorId":0,"vendorName":"System
        Account","titleCount":6,"isSelected":false,"visibilityData":{"isHidden":false,"reason":""},"selectedCount":0,"isTokenNeeded":false,"contentType":"Unknown","customCoverage":{"beginCoverage":"","endCoverage":""},"packageType":"Complete"},{"packageId":2845504,"packageName":"\"HAHAHA\"","isCustom":true,"vendorId":123355,"vendorName":"API
        DEV CORPORATE CUSTOMER","titleCount":8,"isSelected":true,"visibilityData":{"isHidden":false,"reason":""},"selectedCount":8,"isTokenNeeded":false,"contentType":"OnlineReference","customCoverage":{"beginCoverage":"","endCoverage":""},"packageType":"Custom"},{"packageId":2845510,"packageName":"\"Testing2\"","isCustom":true,"vendorId":123355,"vendorName":"API
        DEV CORPORATE CUSTOMER","titleCount":1,"isSelected":true,"visibilityData":{"isHidden":false,"reason":""},"selectedCount":1,"isTokenNeeded":false,"contentType":"EBook","customCoverage":{"beginCoverage":"","endCoverage":""},"packageType":"Custom"},{"packageId":2846022,"packageName":"\"Testing4\"","isCustom":true,"vendorId":123355,"vendorName":"API
        DEV CORPORATE CUSTOMER","titleCount":0,"isSelected":true,"visibilityData":{"isHidden":true,"reason":"Hidden
        by Customer"},"selectedCount":0,"isTokenNeeded":false,"contentType":"EBook","customCoverage":{"beginCoverage":"2018-04-02","endCoverage":"2018-04-23"},"packageType":"Custom"},{"packageId":22551,"packageName":"123Library
        eBooks","isCustom":false,"vendorId":58251,"vendorName":"123Library","titleCount":157503,"isSelected":false,"visibilityData":{"isHidden":false,"reason":""},"selectedCount":0,"isTokenNeeded":false,"contentType":"EBook","customCoverage":{"beginCoverage":"","endCoverage":""},"packageType":"Variable"},{"packageId":2481,"packageName":"17th
        and 18th Century Burney Collection Newspapers","isCustom":false,"vendorId":18,"vendorName":"Gale
        | Cengage","titleCount":1270,"isSelected":true,"visibilityData":{"isHidden":false,"reason":""},"selectedCount":1,"isTokenNeeded":true,"contentType":"AggregatedFullText","customCoverage":{"beginCoverage":"","endCoverage":""},"packageType":"Complete"},{"packageId":5154,"packageName":"19th
        Century Literature and Culture","isCustom":false,"vendorId":435,"vendorName":"University
        of Virginia Press","titleCount":7,"isSelected":false,"visibilityData":{"isHidden":false,"reason":""},"selectedCount":0,"isTokenNeeded":false,"contentType":"EBook","customCoverage":{"beginCoverage":"","endCoverage":""},"packageType":"Variable"},{"packageId":5926,"packageName":"19th
        Century Masterfile","isCustom":false,"vendorId":659,"vendorName":"Paratext
        LLC","titleCount":1,"isSelected":false,"visibilityData":{"isHidden":false,"reason":""},"selectedCount":0,"isTokenNeeded":false,"contentType":"OnlineReference","customCoverage":{"beginCoverage":"","endCoverage":""},"packageType":"Complete"},{"packageId":1792,"packageName":"19th
        Century U.S. Newspapers","isCustom":false,"vendorId":18,"vendorName":"Gale
        | Cengage","titleCount":865,"isSelected":false,"visibilityData":{"isHidden":false,"reason":""},"selectedCount":0,"isTokenNeeded":true,"contentType":"AggregatedFullText","customCoverage":{"beginCoverage":"","endCoverage":""},"packageType":"Complete"},{"packageId":3734,"packageName":"19th
        Century UK Periodicals: Empire","isCustom":false,"vendorId":18,"vendorName":"Gale
        | Cengage","titleCount":86,"isSelected":true,"visibilityData":{"isHidden":false,"reason":""},"selectedCount":86,"isTokenNeeded":true,"contentType":"AggregatedFullText","customCoverage":{"beginCoverage":"","endCoverage":""},"packageType":"Complete"},{"packageId":3733,"packageName":"19th
        Century UK Periodicals: New Readership","isCustom":false,"vendorId":18,"vendorName":"Gale
        | Cengage","titleCount":90,"isSelected":true,"visibilityData":{"isHidden":false,"reason":""},"selectedCount":90,"isTokenNeeded":true,"contentType":"AggregatedFullText","customCoverage":{"beginCoverage":"","endCoverage":""},"packageType":"Complete"},{"packageId":2848860,"packageName":"1Findr","isCustom":false,"vendorId":123517,"vendorName":"1science","titleCount":1,"isSelected":false,"visibilityData":{"isHidden":false,"reason":""},"selectedCount":0,"isTokenNeeded":false,"contentType":"AbstractAndIndex","customCoverage":{"beginCoverage":"","endCoverage":""},"packageType":"Complete"}]}'
    http_version: 
  recorded_at: Mon, 07 May 2018 08:41:37 GMT
recorded_with: VCR 3.0.3
