---
http_interactions:
- request:
    method: get
    uri: https://okapi.frontside.io/configurations/entries?query=module=KB_EBSCO
    body:
      encoding: US-ASCII
      string: ''
    headers:
      Content-Type:
      - application/json
      Accept:
      - application/json
      X-Okapi-Tenant:
      - fs
      X-Okapi-Token:
      - TEST_OKAPI_TOKEN
      Accept-Encoding:
      - gzip;q=1.0,deflate;q=0.6,identity;q=0.3
      User-Agent:
      - Ruby
  response:
    status:
      code: 200
      message: OK
    headers:
      Server:
      - nginx/1.13.5
      Date:
      - Thu, 05 Apr 2018 15:48:05 GMT
      Content-Type:
      - application/json
      Transfer-Encoding:
      - chunked
      Connection:
      - keep-alive
      X-Okapi-Trace:
      - 'GET mod-authtoken-1.4.1-SNAPSHOT.20 http://10.39.249.72:8081/configurations/entries..
        : 202 1473us'
      - 'GET mod-configuration-4.0.3-SNAPSHOT.29 http://10.39.252.104:8081/configurations/entries..
        : 200 42876us'
      Host:
      - okapi.frontside.io
      X-Real-Ip:
      - 10.128.0.5
      X-Forwarded-For:
      - 10.128.0.5
      X-Forwarded-Host:
      - okapi.frontside.io
      X-Forwarded-Port:
      - '443'
      X-Forwarded-Proto:
      - https
      X-Original-Uri:
      - "/configurations/entries?query=module=KB_EBSCO"
      X-Scheme:
      - https
      X-Auth-Request-Redirect:
      - "/configurations/entries?query=module=KB_EBSCO"
      Accept:
      - application/json
      X-Okapi-Tenant:
      - fs
      Accept-Encoding:
      - gzip;q=1.0,deflate;q=0.6,identity;q=0.3
      User-Agent:
      - Ruby
      X-Okapi-Request-Id:
      - 891291/configurations
      X-Okapi-Url:
      - http://10.39.243.220:80
      X-Okapi-Permissions-Required:
      - configuration.entries.collection.get
      X-Okapi-Module-Permissions:
      - '{"mod-authtoken-1.4.1-SNAPSHOT.20":["perms.users.get"]}'
      X-Okapi-Permissions:
      - '["configuration.entries.collection.get"]'
      X-Okapi-User-Id:
      - 1ad737b0-d847-11e6-bf26-cec0c932ce01
      X-Okapi-Token:
      - TEST_OKAPI_TOKEN
      Strict-Transport-Security:
      - max-age=15724800; includeSubDomains;
    body:
      encoding: ASCII-8BIT
      string: |-
        {
          "configs" : [ {
            "id" : "9f193b46-4cc5-4c99-b09f-374fe5415673",
            "module" : "KB_EBSCO",
            "configName" : "api_credentials",
            "code" : "kb.ebsco.credentials",
            "description" : "EBSCO RM-API Credentials",
            "enabled" : true,
            "value" : "customer-id=TEST_CUSTOMER_ID&api-key=TEST_API_KEY",
            "metadata" : {
              "createdDate" : "2018-03-28T14:49:56.794+0000",
              "createdByUserId" : "1ad737b0-d847-11e6-bf26-cec0c932ce01",
              "updatedDate" : "2018-03-28T14:49:56.794+0000",
              "updatedByUserId" : "1ad737b0-d847-11e6-bf26-cec0c932ce01"
            }
          } ],
          "totalRecords" : 1,
          "resultInfo" : {
            "totalRecords" : 1,
            "facets" : [ ]
          }
        }
    http_version: 
  recorded_at: Thu, 05 Apr 2018 15:48:05 GMT
- request:
    method: get
    uri: https://api.ebsco.io/rm/rmaccounts/TEST_CUSTOMER_ID/vendors/19
    body:
      encoding: US-ASCII
      string: ''
    headers:
      User-Agent:
      - Flexirest/1.5.5
      Connection:
      - Keep-Alive
      Accept:
      - application/json
      X-Api-Key:
      - TEST_API_KEY
      Content-Type:
      - application/json
      Accept-Encoding:
      - gzip;q=1.0,deflate;q=0.6,identity;q=0.3
  response:
    status:
      code: 200
      message: OK
    headers:
      Content-Type:
      - application/json;charset=UTF-8
      Content-Length:
      - '158'
      Connection:
      - keep-alive
      Date:
      - Thu, 05 Apr 2018 15:48:05 GMT
      X-Amzn-Requestid:
      - bad09531-38e8-11e8-b38e-97b79d6c5df4
      X-Amzn-Remapped-Connection:
      - keep-alive
      X-Amz-Apigw-Id:
      - E3_AUE3sIAMF4UA=
      X-Amzn-Remapped-Date:
      - Thu, 05 Apr 2018 15:48:05 GMT
      X-Cache:
      - Miss from cloudfront
      Via:
      - 1.1 901034d5d4414b1ff9a2fe4433360a1d.cloudfront.net (CloudFront)
      X-Amz-Cf-Id:
      - 4A5jXPlfsExvu2IeIp-GoK3dzOXbdjI7K2Shg55cFjY8o741h94FbQ==
    body:
      encoding: UTF-8
      string: '{"isCustomer":false,"packagesSelected":40,"packagesTotal":632,"vendorId":19,"vendorName":"EBSCO","proxy":{"id":"EZProxy","inherited":true},"vendorToken":null}'
    http_version: 
  recorded_at: Thu, 05 Apr 2018 15:48:05 GMT
- request:
    method: get
    uri: https://api.ebsco.io/rm/rmaccounts/TEST_CUSTOMER_ID/vendors/19/packages?contenttype=aggregatedfulltext&count=25&offset=1&orderby=relevance&search=abstract&selection=all
    body:
      encoding: US-ASCII
      string: ''
    headers:
      User-Agent:
      - Flexirest/1.5.5
      Connection:
      - Keep-Alive
      Accept:
      - application/json
      X-Api-Key:
      - TEST_API_KEY
      Content-Type:
      - application/json
      Accept-Encoding:
      - gzip;q=1.0,deflate;q=0.6,identity;q=0.3
  response:
    status:
      code: 200
      message: OK
    headers:
      Content-Type:
      - application/json;charset=UTF-8
      Content-Length:
      - '2311'
      Connection:
      - keep-alive
      Date:
      - Thu, 05 Apr 2018 15:48:08 GMT
      X-Amzn-Requestid:
      - bb171437-38e8-11e8-bfb4-85bcd6ab9267
      X-Amzn-Remapped-Connection:
      - keep-alive
      X-Amz-Apigw-Id:
      - E3_AZGdcIAMFSiw=
      X-Amzn-Remapped-Date:
      - Thu, 05 Apr 2018 15:48:08 GMT
      X-Cache:
      - Miss from cloudfront
      Via:
      - 1.1 2f7eec78b53c7625bd656dcd08ed1823.cloudfront.net (CloudFront)
      X-Amz-Cf-Id:
      - RGnRKI1menPVCuL00CN9jBHbPfagmX4f1ymUgfogZZvC1gc08L74qQ==
    body:
      encoding: UTF-8
      string: '{"totalResults":6,"packagesList":[{"packageId":5458,"packageName":"Business
        Abstracts with Full Text (H.W. Wilson)","isCustom":false,"vendorId":19,"vendorName":"EBSCO","titleCount":435,"isSelected":false,"visibilityData":{"isHidden":false,"reason":""},"selectedCount":0,"isTokenNeeded":false,"contentType":"AggregatedFullText","customCoverage":{"beginCoverage":"","endCoverage":""},"packageType":"Complete"},{"packageId":4734,"packageName":"Criminal
        Justice Abstracts with Full Text","isCustom":false,"vendorId":19,"vendorName":"EBSCO","titleCount":347,"isSelected":false,"visibilityData":{"isHidden":false,"reason":""},"selectedCount":0,"isTokenNeeded":false,"contentType":"AggregatedFullText","customCoverage":{"beginCoverage":"","endCoverage":""},"packageType":"Complete"},{"packageId":4214,"packageName":"Historical
        Abstracts with Full Text","isCustom":false,"vendorId":19,"vendorName":"EBSCO","titleCount":598,"isSelected":false,"visibilityData":{"isHidden":false,"reason":""},"selectedCount":0,"isTokenNeeded":false,"contentType":"AggregatedFullText","customCoverage":{"beginCoverage":"","endCoverage":""},"packageType":"Complete"},{"packageId":1306697,"packageName":"Historical
        Abstracts with Full Text Alumni Edition","isCustom":false,"vendorId":19,"vendorName":"EBSCO","titleCount":455,"isSelected":false,"visibilityData":{"isHidden":false,"reason":""},"selectedCount":0,"isTokenNeeded":false,"contentType":"AggregatedFullText","customCoverage":{"beginCoverage":"","endCoverage":""},"packageType":"Complete"},{"packageId":1252,"packageName":"Library,
        Information Science & Technology Abstracts with Full Text","isCustom":false,"vendorId":19,"vendorName":"EBSCO","titleCount":360,"isSelected":true,"visibilityData":{"isHidden":true,"reason":"Hidden
        by EP"},"selectedCount":360,"isTokenNeeded":false,"contentType":"AggregatedFullText","customCoverage":{"beginCoverage":"","endCoverage":""},"packageType":"Complete"},{"packageId":2320562,"packageName":"RILM
        Abstracts of Music Literature with Full Text","isCustom":false,"vendorId":19,"vendorName":"EBSCO","titleCount":1,"isSelected":true,"visibilityData":{"isHidden":true,"reason":"Hidden
        by EP"},"selectedCount":1,"isTokenNeeded":false,"contentType":"AggregatedFullText","customCoverage":{"beginCoverage":"","endCoverage":""},"packageType":"Complete"}]}'
    http_version: 
  recorded_at: Thu, 05 Apr 2018 15:48:09 GMT
recorded_with: VCR 3.0.3
